2026-09-14T00:08:05.655+05:30  WARN 4568 --- [schedule-service] [HikariPool-1:housekeeper] com.zaxxer.hikari.pool.HikariPool        : HikariPool-1 - Thread starvation or clock leap detected (housekeeper delta=17m18s730ms258µs300ns).
2026-09-14T00:11:13.480+05:30  INFO 4568 --- [schedule-service] [AsyncResolver-bootstrap-executor-%d] c.n.d.s.r.aws.ConfigClusterResolver      : Resolving eureka endpoints via configuration
2026-09-14T00:16:13.493+05:30  INFO 4568 --- [schedule-service] [AsyncResolver-bootstrap-executor-%d] c.n.d.s.r.aws.ConfigClusterResolver      : Resolving eureka endpoints via configuration
2026-09-14T00:21:13.520+05:30  INFO 4568 --- [schedule-service] [AsyncResolver-bootstrap-executor-%d] c.n.d.s.r.aws.ConfigClusterResolver      : Resolving eureka endpoints via configuration
2026-09-14T00:26:13.529+05:30  INFO 4568 --- [schedule-service] [AsyncResolver-bootstrap-executor-%d] c.n.d.s.r.aws.ConfigClusterResolver      : Resolving eureka endpoints via configuration
2026-09-14T00:31:13.537+05:30  INFO 4568 --- [schedule-service] [AsyncResolver-bootstrap-executor-%d] c.n.d.s.r.aws.ConfigClusterResolver      : Resolving eureka endpoints via configuration
2026-09-14T00:36:13.538+05:30  INFO 4568 --- [schedule-service] [AsyncResolver-bootstrap-executor-%d] c.n.d.s.r.aws.ConfigClusterResolver      : Resolving eureka endpoints via configuration
2026-09-14T00:41:13.550+05:30  INFO 4568 --- [schedule-service] [AsyncResolver-bootstrap-executor-%d] c.n.d.s.r.aws.ConfigClusterResolver      : Resolving eureka endpoints via configuration
2026-09-14T00:46:13.553+05:30  INFO 4568 --- [schedule-service] [AsyncResolver-bootstrap-executor-%d] c.n.d.s.r.aws.ConfigClusterResolver      : Resolving eureka endpoints via configuration
2026-09-14T00:51:13.561+05:30  INFO 4568 --- [schedule-service] [AsyncResolver-bootstrap-executor-%d] c.n.d.s.r.aws.ConfigClusterResolver      : Resolving eureka endpoints via configuration
2026-09-14T00:56:13.574+05:30  INFO 4568 --- [schedule-service] [AsyncResolver-bootstrap-executor-%d] c.n.d.s.r.aws.ConfigClusterResolver      : Resolving eureka endpoints via configuration
2026-09-14T01:01:13.608+05:30  INFO 4568 --- [schedule-service] [AsyncResolver-bootstrap-executor-%d] c.n.d.s.r.aws.ConfigClusterResolver      : Resolving eureka endpoints via configuration
2026-09-14T01:06:13.612+05:30  INFO 4568 --- [schedule-service] [AsyncResolver-bootstrap-executor-%d] c.n.d.s.r.aws.ConfigClusterResolver      : Resolving eureka endpoints via configuration
2026-09-14T01:11:13.623+05:30  INFO 4568 --- [schedule-service] [AsyncResolver-bootstrap-executor-%d] c.n.d.s.r.aws.ConfigClusterResolver      : Resolving eureka endpoints via configuration
2026-09-14T01:16:13.635+05:30  INFO 4568 --- [schedule-service] [AsyncResolver-bootstrap-executor-%d] c.n.d.s.r.aws.ConfigClusterResolver      : Resolving eureka endpoints via configuration
2026-09-14T01:21:13.649+05:30  INFO 4568 --- [schedule-service] [AsyncResolver-bootstrap-executor-%d] c.n.d.s.r.aws.ConfigClusterResolver      : Resolving eureka endpoints via configuration
2026-09-14T01:24:31.720+05:30  INFO 4568 --- [schedule-service] [SpringApplicationShutdownHook] o.s.c.n.e.s.EurekaServiceRegistry        : Unregistering application SCHEDULE-SERVICE with eureka with status DOWN
2026-09-14T01:24:31.721+05:30  INFO 4568 --- [schedule-service] [SpringApplicationShutdownHook] com.netflix.discovery.DiscoveryClient    : Saw local status change event StatusChangeEvent [timestamp=1789329271721, current=DOWN, previous=UP]
2026-09-14T01:24:31.721+05:30  INFO 4568 --- [schedule-service] [DiscoveryClient-InstanceInfoReplicator-%d] com.netflix.discovery.DiscoveryClient    : DiscoveryClient_SCHEDULE-SERVICE/AKHIL:schedule-service:8084: registering service...
2026-09-14T01:24:31.814+05:30  INFO 4568 --- [schedule-service] [SpringApplicationShutdownHook] o.s.boot.tomcat.GracefulShutdown         : Commencing graceful shutdown. Waiting for active requests to complete
2026-09-14T01:24:31.834+05:30  INFO 4568 --- [schedule-service] [tomcat-shutdown] o.s.boot.tomcat.GracefulShutdown         : Graceful shutdown complete
2026-09-14T01:24:31.840+05:30  INFO 4568 --- [schedule-service] [DiscoveryClient-InstanceInfoReplicator-%d] com.netflix.discovery.DiscoveryClient    : DiscoveryClient_SCHEDULE-SERVICE/AKHIL:schedule-service:8084 - registration status: 204
2026-09-14T01:24:31.908+05:30  INFO 4568 --- [schedule-service] [SpringApplicationShutdownHook] j.LocalContainerEntityManagerFactoryBean : Closing JPA EntityManagerFactory for persistence unit 'default'
2026-09-14T01:24:31.965+05:30  INFO 4568 --- [schedule-service] [SpringApplicationShutdownHook] com.zaxxer.hikari.HikariDataSource       : HikariPool-1 - Shutdown initiated...
2026-09-14T01:24:31.979+05:30  INFO 4568 --- [schedule-service] [SpringApplicationShutdownHook] com.zaxxer.hikari.HikariDataSource       : HikariPool-1 - Shutdown completed.
2026-09-14T01:24:31.982+05:30  INFO 4568 --- [schedule-service] [SpringApplicationShutdownHook] com.netflix.discovery.DiscoveryClient    : Shutting down DiscoveryClient ...
2026-09-14T01:24:34.984+05:30  INFO 4568 --- [schedule-service] [SpringApplicationShutdownHook] com.netflix.discovery.DiscoveryClient    : Unregistering ...
2026-09-14T01:24:35.085+05:30  INFO 4568 --- [schedule-service] [SpringApplicationShutdownHook] com.netflix.discovery.DiscoveryClient    : DiscoveryClient_SCHEDULE-SERVICE/AKHIL:schedule-service:8084 - deregister  status: 200
2026-09-14T01:24:35.087+05:30  INFO 4568 --- [schedule-service] [SpringApplicationShutdownHook] com.netflix.discovery.DiscoveryClient    : Completed shut down of DiscoveryClient
2026-09-14T01:24:41.037+05:30  INFO 384 --- [schedule-service] [main] c.r.s.ScheduleServiceApplication         : Starting ScheduleServiceApplication using Java 22.0.2 with PID 384 (C:\Users\sprak\Desktop\railway-reservation-system\schedule-service\target\classes started by sprak in C:\Users\sprak\Desktop\railway-reservation-system\schedule-service)
2026-09-14T01:24:41.040+05:30 DEBUG 384 --- [schedule-service] [main] c.r.s.ScheduleServiceApplication         : Running with Spring Boot v4.1.1, Spring v7.0.9
2026-09-14T01:24:41.040+05:30  INFO 384 --- [schedule-service] [main] c.r.s.ScheduleServiceApplication         : No active profile set, falling back to 1 default profile: "default"
2026-09-14T01:24:41.080+05:30  INFO 384 --- [schedule-service] [main] o.s.c.c.c.ConfigServerConfigDataLoader   : Fetching config from server at : http://localhost:8888
2026-09-14T01:24:41.081+05:30  INFO 384 --- [schedule-service] [main] o.s.c.c.c.ConfigServerConfigDataLoader   : Located environment: name=schedule-service, profiles=[default], label=null, version=null, state=null
2026-09-14T01:24:42.350+05:30  INFO 384 --- [schedule-service] [main] .s.d.r.c.RepositoryConfigurationDelegate : Bootstrapping Spring Data JPA repositories in DEFAULT mode.
2026-09-14T01:24:42.504+05:30  INFO 384 --- [schedule-service] [main] .s.d.r.c.RepositoryConfigurationDelegate : Finished Spring Data repository scanning in 142 ms. Found 1 JPA repository interface.
2026-09-14T01:24:42.779+05:30  INFO 384 --- [schedule-service] [main] o.s.cloud.context.scope.GenericScope     : BeanFactory id=cf0be330-d74a-34d4-b398-1f04ae267f1d
2026-09-14T01:24:43.210+05:30  INFO 384 --- [schedule-service] [main] o.s.boot.tomcat.TomcatWebServer          : Tomcat initialized with port 8084 (http)
2026-09-14T01:24:43.230+05:30  INFO 384 --- [schedule-service] [main] o.apache.catalina.core.StandardService   : Starting service [Tomcat]
2026-09-14T01:24:43.231+05:30  INFO 384 --- [schedule-service] [main] o.apache.catalina.core.StandardEngine    : Starting Servlet engine: [Apache Tomcat/11.0.24]
2026-09-14T01:24:43.304+05:30  INFO 384 --- [schedule-service] [main] b.w.c.s.WebApplicationContextInitializer : Root WebApplicationContext: initialization completed in 2219 ms
2026-09-14T01:24:43.489+05:30 DEBUG 384 --- [schedule-service] [main] c.r.s.config.JwtAuthFilter               : Filter 'jwtAuthFilter' configured for use
2026-09-14T01:24:43.654+05:30  INFO 384 --- [schedule-service] [main] org.hibernate.orm.jpa                    : HHH008540: Processing PersistenceUnitInfo [name: default]
2026-09-14T01:24:43.714+05:30  INFO 384 --- [schedule-service] [main] org.hibernate.orm.core                   : HHH000001: Hibernate ORM core version 7.4.5.Final
2026-09-14T01:24:44.225+05:30  INFO 384 --- [schedule-service] [main] o.s.o.j.p.SpringPersistenceUnitInfo      : No LoadTimeWeaver setup: ignoring JPA class transformer
2026-09-14T01:24:44.293+05:30  INFO 384 --- [schedule-service] [main] com.zaxxer.hikari.HikariDataSource       : HikariPool-1 - Starting...
2026-09-14T01:24:44.836+05:30  INFO 384 --- [schedule-service] [main] com.zaxxer.hikari.pool.HikariPool        : HikariPool-1 - Added connection com.mysql.cj.jdbc.ConnectionImpl@344f4a82
2026-09-14T01:24:44.838+05:30  INFO 384 --- [schedule-service] [main] com.zaxxer.hikari.HikariDataSource       : HikariPool-1 - Start completed.
2026-09-14T01:24:44.948+05:30  INFO 384 --- [schedule-service] [main] org.hibernate.orm.connections.pooling    : HHH10001005: Database info:
	Database JDBC URL [jdbc:mysql://localhost:3306/railway_schedule_db?updateTimeZone=true]
	Database driver: MySQL Connector/J
	Database dialect: MySQLDialect
	Database version: 8.0.43
	Default catalog/schema: railway_schedule_db/undefined
	Autocommit mode: undefined/unknown
	Isolation level: REPEATABLE_READ [default REPEATABLE_READ]
	JDBC fetch size: none
	Pool: DataSourceConnectionProvider
	Minimum pool size: undefined/unknown
	Maximum pool size: undefined/unknown
2026-09-14T01:24:46.369+05:30  INFO 384 --- [schedule-service] [main] org.hibernate.orm.core                   : HHH000489: No JTA platform available (set 'hibernate.transaction.jta.platform' to enable JTA platform integration)
2026-09-14T01:24:46.489+05:30  INFO 384 --- [schedule-service] [main] j.LocalContainerEntityManagerFactoryBean : Initialized JPA EntityManagerFactory for persistence unit 'default'
2026-09-14T01:24:46.622+05:30  INFO 384 --- [schedule-service] [main] o.s.d.j.r.query.QueryEnhancerFactories   : Hibernate is in classpath; If applicable, HQL parser will be used.
2026-09-14T01:24:47.067+05:30  WARN 384 --- [schedule-service] [main] JpaBaseConfiguration$JpaWebConfiguration : spring.jpa.open-in-view is enabled by default. Therefore, database queries may be performed during view rendering. Explicitly configure spring.jpa.open-in-view to disable this warning
2026-09-14T01:24:47.159+05:30  WARN 384 --- [schedule-service] [main] .s.a.UserDetailsServiceAutoConfiguration : 

Using generated security password: 38f0b93e-728f-4f4e-acb8-18df46aa0b97

This generated password is for development use only. Your security configuration must be updated before running your application in production.

2026-09-14T01:24:47.166+05:30  INFO 384 --- [schedule-service] [main] r$InitializeUserDetailsManagerConfigurer : Global AuthenticationManager configured with UserDetailsService bean with name inMemoryUserDetailsManager
2026-09-14T01:24:48.418+05:30  INFO 384 --- [schedule-service] [main] DiscoveryClientOptionalArgsConfiguration : Eureka HTTP Client uses RestClient.
2026-09-14T01:24:48.479+05:30  WARN 384 --- [schedule-service] [main] iguration$LoadBalancerCaffeineWarnLogger : Spring Cloud LoadBalancer is currently working with the default cache. While this cache implementation is useful for development and tests, it's recommended to use Caffeine cache in production.You can switch to using Caffeine cache, by adding it and org.springframework.cache.caffeine.CaffeineCacheManager to the classpath.
2026-09-14T01:24:48.519+05:30  INFO 384 --- [schedule-service] [main] o.s.b.a.e.web.EndpointLinksResolver      : Exposing 1 endpoint beneath base path '/actuator'
2026-09-14T01:24:48.731+05:30  INFO 384 --- [schedule-service] [main] o.s.c.n.eureka.InstanceInfoFactory       : Setting initial instance status as: STARTING
2026-09-14T01:24:48.783+05:30  INFO 384 --- [schedule-service] [main] com.netflix.discovery.DiscoveryClient    : Initializing Eureka in region us-east-1
2026-09-14T01:24:48.791+05:30  INFO 384 --- [schedule-service] [main] c.n.d.s.r.aws.ConfigClusterResolver      : Resolving eureka endpoints via configuration
2026-09-14T01:24:48.810+05:30  INFO 384 --- [schedule-service] [main] com.netflix.discovery.DiscoveryClient    : Disable delta property : false
2026-09-14T01:24:48.810+05:30  INFO 384 --- [schedule-service] [main] com.netflix.discovery.DiscoveryClient    : Single vip registry refresh property : null
2026-09-14T01:24:48.810+05:30  INFO 384 --- [schedule-service] [main] com.netflix.discovery.DiscoveryClient    : Force full registry fetch : false
2026-09-14T01:24:48.810+05:30  INFO 384 --- [schedule-service] [main] com.netflix.discovery.DiscoveryClient    : Application is null : false
2026-09-14T01:24:48.811+05:30  INFO 384 --- [schedule-service] [main] com.netflix.discovery.DiscoveryClient    : Registered Applications size is zero : true
2026-09-14T01:24:48.811+05:30  INFO 384 --- [schedule-service] [main] com.netflix.discovery.DiscoveryClient    : Application version is -1: true
2026-09-14T01:24:48.811+05:30  INFO 384 --- [schedule-service] [main] com.netflix.discovery.DiscoveryClient    : Getting all instance registry info from the eureka server
2026-09-14T01:24:49.482+05:30  INFO 384 --- [schedule-service] [main] com.netflix.discovery.DiscoveryClient    : The response status is 200
2026-09-14T01:24:49.487+05:30  INFO 384 --- [schedule-service] [main] com.netflix.discovery.DiscoveryClient    : Starting heartbeat executor: renew interval is: 30
2026-09-14T01:24:49.491+05:30  INFO 384 --- [schedule-service] [main] c.n.discovery.InstanceInfoReplicator     : InstanceInfoReplicator onDemand update allowed rate per min is 4
2026-09-14T01:24:49.494+05:30  INFO 384 --- [schedule-service] [main] com.netflix.discovery.DiscoveryClient    : Discovery Client initialized at timestamp 1789329289493 with initial instances count: 10
2026-09-14T01:24:49.501+05:30  INFO 384 --- [schedule-service] [main] o.s.c.n.e.s.EurekaServiceRegistry        : Registering application SCHEDULE-SERVICE with eureka with status UP
2026-09-14T01:24:49.502+05:30  INFO 384 --- [schedule-service] [main] com.netflix.discovery.DiscoveryClient    : Saw local status change event StatusChangeEvent [timestamp=1789329289502, current=UP, previous=STARTING]
2026-09-14T01:24:49.505+05:30  INFO 384 --- [schedule-service] [DiscoveryClient-InstanceInfoReplicator-%d] com.netflix.discovery.DiscoveryClient    : DiscoveryClient_SCHEDULE-SERVICE/AKHIL:schedule-service:8084: registering service...
2026-09-14T01:24:49.541+05:30  INFO 384 --- [schedule-service] [main] o.s.boot.tomcat.TomcatWebServer          : Tomcat started on port 8084 (http) with context path '/'
2026-09-14T01:24:49.543+05:30  INFO 384 --- [schedule-service] [main] .s.c.n.e.s.EurekaAutoServiceRegistration : Updating port to 8084
2026-09-14T01:24:49.602+05:30  INFO 384 --- [schedule-service] [main] c.r.s.ScheduleServiceApplication         : Started ScheduleServiceApplication in 9.983 seconds (process running for 11.096)
2026-09-14T01:24:49.614+05:30  WARN 384 --- [schedule-service] [main] o.s.core.events.SpringDocAppInitializer  : SpringDoc /api/schedules/v3/api-docs endpoint is enabled by default. To disable it in production, set the property 'springdoc.api-docs.enabled=false'
2026-09-14T01:24:49.615+05:30  WARN 384 --- [schedule-service] [main] o.s.core.events.SpringDocAppInitializer  : SpringDoc /swagger-ui.html endpoint is enabled by default. To disable it in production, set the property 'springdoc.swagger-ui.enabled=false'
2026-09-14T01:24:49.732+05:30  INFO 384 --- [schedule-service] [DiscoveryClient-InstanceInfoReplicator-%d] com.netflix.discovery.DiscoveryClient    : DiscoveryClient_SCHEDULE-SERVICE/AKHIL:schedule-service:8084 - registration status: 204
2026-09-14T01:24:49.873+05:30  INFO 384 --- [schedule-service] [RMI TCP Connection(1)-192.168.0.103] o.a.c.c.C.[Tomcat].[localhost].[/]       : Initializing Spring DispatcherServlet 'dispatcherServlet'
2026-09-14T01:24:49.873+05:30  INFO 384 --- [schedule-service] [RMI TCP Connection(1)-192.168.0.103] o.s.web.servlet.DispatcherServlet        : Initializing Servlet 'dispatcherServlet'
2026-09-14T01:24:49.878+05:30  INFO 384 --- [schedule-service] [RMI TCP Connection(1)-192.168.0.103] o.s.web.servlet.DispatcherServlet        : Completed initialization in 4 ms
2026-09-14T01:29:48.819+05:30  INFO 384 --- [schedule-service] [AsyncResolver-bootstrap-executor-%d] c.n.d.s.r.aws.ConfigClusterResolver      : Resolving eureka endpoints via configuration
2026-09-14T01:34:48.828+05:30  INFO 384 --- [schedule-service] [AsyncResolver-bootstrap-executor-%d] c.n.d.s.r.aws.ConfigClusterResolver      : Resolving eureka endpoints via configuration
2026-09-14T01:39:48.839+05:30  INFO 384 --- [schedule-service] [AsyncResolver-bootstrap-executor-%d] c.n.d.s.r.aws.ConfigClusterResolver      : Resolving eureka endpoints via configuration
2026-09-14T01:44:48.841+05:30  INFO 384 --- [schedule-service] [AsyncResolver-bootstrap-executor-%d] c.n.d.s.r.aws.ConfigClusterResolver      : Resolving eureka endpoints via configuration
2026-09-14T01:49:48.850+05:30  INFO 384 --- [schedule-service] [AsyncResolver-bootstrap-executor-%d] c.n.d.s.r.aws.ConfigClusterResolver      : Resolving eureka endpoints via configuration
2026-09-14T01:54:48.861+05:30  INFO 384 --- [schedule-service] [AsyncResolver-bootstrap-executor-%d] c.n.d.s.r.aws.ConfigClusterResolver      : Resolving eureka endpoints via configuration
2026-09-14T01:59:48.873+05:30  INFO 384 --- [schedule-service] [AsyncResolver-bootstrap-executor-%d] c.n.d.s.r.aws.ConfigClusterResolver      : Resolving eureka endpoints via configuration
2026-09-14T02:04:48.886+05:30  INFO 384 --- [schedule-service] [AsyncResolver-bootstrap-executor-%d] c.n.d.s.r.aws.ConfigClusterResolver      : Resolving eureka endpoints via configuration
2026-09-14T02:09:48.900+05:30  INFO 384 --- [schedule-service] [AsyncResolver-bootstrap-executor-%d] c.n.d.s.r.aws.ConfigClusterResolver      : Resolving eureka endpoints via configuration
2026-09-14T02:14:48.916+05:30  INFO 384 --- [schedule-service] [AsyncResolver-bootstrap-executor-%d] c.n.d.s.r.aws.ConfigClusterResolver      : Resolving eureka endpoints via configuration
2026-09-14T02:19:48.922+05:30  INFO 384 --- [schedule-service] [AsyncResolver-bootstrap-executor-%d] c.n.d.s.r.aws.ConfigClusterResolver      : Resolving eureka endpoints via configuration
2026-09-14T02:20:46.314+05:30  INFO 384 --- [schedule-service] [http-nio-8084-exec-1] o.springdoc.api.AbstractOpenApiResource  : Init duration for springdoc-openapi is: 228 ms
2026-09-14T02:24:48.925+05:30  INFO 384 --- [schedule-service] [AsyncResolver-bootstrap-executor-%d] c.n.d.s.r.aws.ConfigClusterResolver      : Resolving eureka endpoints via configuration
2026-09-14T02:25:58.845+05:30  INFO 384 --- [schedule-service] [SpringApplicationShutdownHook] o.s.c.n.e.s.EurekaServiceRegistry        : Unregistering application SCHEDULE-SERVICE with eureka with status DOWN
2026-09-14T02:25:58.845+05:30  INFO 384 --- [schedule-service] [SpringApplicationShutdownHook] com.netflix.discovery.DiscoveryClient    : Saw local status change event StatusChangeEvent [timestamp=1789332958845, current=DOWN, previous=UP]
2026-09-14T02:25:58.846+05:30  INFO 384 --- [schedule-service] [DiscoveryClient-InstanceInfoReplicator-%d] com.netflix.discovery.DiscoveryClient    : DiscoveryClient_SCHEDULE-SERVICE/AKHIL:schedule-service:8084: registering service...
2026-09-14T02:25:58.855+05:30  INFO 384 --- [schedule-service] [SpringApplicationShutdownHook] o.s.boot.tomcat.GracefulShutdown         : Commencing graceful shutdown. Waiting for active requests to complete
2026-09-14T02:25:58.870+05:30  INFO 384 --- [schedule-service] [tomcat-shutdown] o.s.boot.tomcat.GracefulShutdown         : Graceful shutdown complete
2026-09-14T02:25:58.893+05:30  INFO 384 --- [schedule-service] [SpringApplicationShutdownHook] j.LocalContainerEntityManagerFactoryBean : Closing JPA EntityManagerFactory for persistence unit 'default'
2026-09-14T02:25:58.906+05:30  INFO 384 --- [schedule-service] [SpringApplicationShutdownHook] com.zaxxer.hikari.HikariDataSource       : HikariPool-1 - Shutdown initiated...
2026-09-14T02:25:58.915+05:30  INFO 384 --- [schedule-service] [SpringApplicationShutdownHook] com.zaxxer.hikari.HikariDataSource       : HikariPool-1 - Shutdown completed.
2026-09-14T02:25:58.916+05:30  INFO 384 --- [schedule-service] [SpringApplicationShutdownHook] com.netflix.discovery.DiscoveryClient    : Shutting down DiscoveryClient ...
2026-09-14T02:25:59.008+05:30  INFO 384 --- [schedule-service] [DiscoveryClient-InstanceInfoReplicator-%d] com.netflix.discovery.DiscoveryClient    : DiscoveryClient_SCHEDULE-SERVICE/AKHIL:schedule-service:8084 - registration status: 204
2026-09-14T02:25:59.010+05:30  INFO 384 --- [schedule-service] [SpringApplicationShutdownHook] com.netflix.discovery.DiscoveryClient    : Unregistering ...
2026-09-14T02:25:59.157+05:30  INFO 384 --- [schedule-service] [SpringApplicationShutdownHook] com.netflix.discovery.DiscoveryClient    : DiscoveryClient_SCHEDULE-SERVICE/AKHIL:schedule-service:8084 - deregister  status: 200
2026-09-14T02:25:59.159+05:30  INFO 384 --- [schedule-service] [SpringApplicationShutdownHook] com.netflix.discovery.DiscoveryClient    : Completed shut down of DiscoveryClient
2026-09-14T02:26:11.681+05:30  INFO 23568 --- [schedule-service] [main] c.r.s.ScheduleServiceApplication         : Starting ScheduleServiceApplication using Java 22.0.2 with PID 23568 (C:\Users\sprak\Desktop\railway-reservation-system\schedule-service\target\classes started by sprak in C:\Users\sprak\Desktop\railway-reservation-system\schedule-service)
2026-09-14T02:26:11.686+05:30 DEBUG 23568 --- [schedule-service] [main] c.r.s.ScheduleServiceApplication         : Running with Spring Boot v4.1.1, Spring v7.0.9
2026-09-14T02:26:11.688+05:30  INFO 23568 --- [schedule-service] [main] c.r.s.ScheduleServiceApplication         : No active profile set, falling back to 1 default profile: "default"
2026-09-14T02:26:11.761+05:30  INFO 23568 --- [schedule-service] [main] o.s.c.c.c.ConfigServerConfigDataLoader   : Fetching config from server at : http://localhost:8888
2026-09-14T02:26:11.761+05:30  INFO 23568 --- [schedule-service] [main] o.s.c.c.c.ConfigServerConfigDataLoader   : Located environment: name=schedule-service, profiles=[default], label=null, version=null, state=null
2026-09-14T02:26:13.161+05:30  INFO 23568 --- [schedule-service] [main] .s.d.r.c.RepositoryConfigurationDelegate : Bootstrapping Spring Data JPA repositories in DEFAULT mode.
2026-09-14T02:26:13.350+05:30  INFO 23568 --- [schedule-service] [main] .s.d.r.c.RepositoryConfigurationDelegate : Finished Spring Data repository scanning in 178 ms. Found 1 JPA repository interface.
2026-09-14T02:26:13.783+05:30  INFO 23568 --- [schedule-service] [main] o.s.cloud.context.scope.GenericScope     : BeanFactory id=cf0be330-d74a-34d4-b398-1f04ae267f1d
2026-09-14T02:26:14.416+05:30  INFO 23568 --- [schedule-service] [main] o.s.boot.tomcat.TomcatWebServer          : Tomcat initialized with port 8084 (http)
2026-09-14T02:26:14.436+05:30  INFO 23568 --- [schedule-service] [main] o.apache.catalina.core.StandardService   : Starting service [Tomcat]
2026-09-14T02:26:14.437+05:30  INFO 23568 --- [schedule-service] [main] o.apache.catalina.core.StandardEngine    : Starting Servlet engine: [Apache Tomcat/11.0.24]
2026-09-14T02:26:14.543+05:30  INFO 23568 --- [schedule-service] [main] b.w.c.s.WebApplicationContextInitializer : Root WebApplicationContext: initialization completed in 2777 ms
2026-09-14T02:26:14.737+05:30 DEBUG 23568 --- [schedule-service] [main] c.r.s.config.JwtAuthFilter               : Filter 'jwtAuthFilter' configured for use
2026-09-14T02:26:14.934+05:30  INFO 23568 --- [schedule-service] [main] org.hibernate.orm.jpa                    : HHH008540: Processing PersistenceUnitInfo [name: default]
2026-09-14T02:26:15.007+05:30  INFO 23568 --- [schedule-service] [main] org.hibernate.orm.core                   : HHH000001: Hibernate ORM core version 7.4.5.Final
2026-09-14T02:26:15.667+05:30  INFO 23568 --- [schedule-service] [main] o.s.o.j.p.SpringPersistenceUnitInfo      : No LoadTimeWeaver setup: ignoring JPA class transformer
2026-09-14T02:26:15.708+05:30  INFO 23568 --- [schedule-service] [main] com.zaxxer.hikari.HikariDataSource       : HikariPool-1 - Starting...
2026-09-14T02:26:16.130+05:30  INFO 23568 --- [schedule-service] [main] com.zaxxer.hikari.pool.HikariPool        : HikariPool-1 - Added connection com.mysql.cj.jdbc.ConnectionImpl@2fda92e0
2026-09-14T02:26:16.134+05:30  INFO 23568 --- [schedule-service] [main] com.zaxxer.hikari.HikariDataSource       : HikariPool-1 - Start completed.
2026-09-14T02:26:16.233+05:30  INFO 23568 --- [schedule-service] [main] org.hibernate.orm.connections.pooling    : HHH10001005: Database info:
	Database JDBC URL [jdbc:mysql://localhost:3306/railway_schedule_db?updateTimeZone=true]
	Database driver: MySQL Connector/J
	Database dialect: MySQLDialect
	Database version: 8.0.43
	Default catalog/schema: railway_schedule_db/undefined
	Autocommit mode: undefined/unknown
	Isolation level: REPEATABLE_READ [default REPEATABLE_READ]
	JDBC fetch size: none
	Pool: DataSourceConnectionProvider
	Minimum pool size: undefined/unknown
	Maximum pool size: undefined/unknown
2026-09-14T02:26:17.578+05:30  INFO 23568 --- [schedule-service] [main] org.hibernate.orm.core                   : HHH000489: No JTA platform available (set 'hibernate.transaction.jta.platform' to enable JTA platform integration)
2026-09-14T02:26:17.675+05:30  INFO 23568 --- [schedule-service] [main] j.LocalContainerEntityManagerFactoryBean : Initialized JPA EntityManagerFactory for persistence unit 'default'
2026-09-14T02:26:17.762+05:30  INFO 23568 --- [schedule-service] [main] o.s.d.j.r.query.QueryEnhancerFactories   : Hibernate is in classpath; If applicable, HQL parser will be used.
2026-09-14T02:26:18.068+05:30  WARN 23568 --- [schedule-service] [main] JpaBaseConfiguration$JpaWebConfiguration : spring.jpa.open-in-view is enabled by default. Therefore, database queries may be performed during view rendering. Explicitly configure spring.jpa.open-in-view to disable this warning
2026-09-14T02:26:18.178+05:30  WARN 23568 --- [schedule-service] [main] .s.a.UserDetailsServiceAutoConfiguration : 

Using generated security password: 76375a92-08a0-4025-94bc-71a1ae2a257d

This generated password is for development use only. Your security configuration must be updated before running your application in production.

2026-09-14T02:26:18.187+05:30  INFO 23568 --- [schedule-service] [main] r$InitializeUserDetailsManagerConfigurer : Global AuthenticationManager configured with UserDetailsService bean with name inMemoryUserDetailsManager
2026-09-14T02:26:19.008+05:30  INFO 23568 --- [schedule-service] [main] DiscoveryClientOptionalArgsConfiguration : Eureka HTTP Client uses RestClient.
2026-09-14T02:26:19.041+05:30  WARN 23568 --- [schedule-service] [main] iguration$LoadBalancerCaffeineWarnLogger : Spring Cloud LoadBalancer is currently working with the default cache. While this cache implementation is useful for development and tests, it's recommended to use Caffeine cache in production.You can switch to using Caffeine cache, by adding it and org.springframework.cache.caffeine.CaffeineCacheManager to the classpath.
2026-09-14T02:26:19.048+05:30  INFO 23568 --- [schedule-service] [main] o.s.b.a.e.web.EndpointLinksResolver      : Exposing 1 endpoint beneath base path '/actuator'
2026-09-14T02:26:19.125+05:30  INFO 23568 --- [schedule-service] [main] o.s.c.n.eureka.InstanceInfoFactory       : Setting initial instance status as: STARTING
2026-09-14T02:26:19.154+05:30  INFO 23568 --- [schedule-service] [main] com.netflix.discovery.DiscoveryClient    : Initializing Eureka in region us-east-1
2026-09-14T02:26:19.159+05:30  INFO 23568 --- [schedule-service] [main] c.n.d.s.r.aws.ConfigClusterResolver      : Resolving eureka endpoints via configuration
2026-09-14T02:26:19.170+05:30  INFO 23568 --- [schedule-service] [main] com.netflix.discovery.DiscoveryClient    : Disable delta property : false
2026-09-14T02:26:19.170+05:30  INFO 23568 --- [schedule-service] [main] com.netflix.discovery.DiscoveryClient    : Single vip registry refresh property : null
2026-09-14T02:26:19.170+05:30  INFO 23568 --- [schedule-service] [main] com.netflix.discovery.DiscoveryClient    : Force full registry fetch : false
2026-09-14T02:26:19.170+05:30  INFO 23568 --- [schedule-service] [main] com.netflix.discovery.DiscoveryClient    : Application is null : false
2026-09-14T02:26:19.170+05:30  INFO 23568 --- [schedule-service] [main] com.netflix.discovery.DiscoveryClient    : Registered Applications size is zero : true
2026-09-14T02:26:19.171+05:30  INFO 23568 --- [schedule-service] [main] com.netflix.discovery.DiscoveryClient    : Application version is -1: true
2026-09-14T02:26:19.171+05:30  INFO 23568 --- [schedule-service] [main] com.netflix.discovery.DiscoveryClient    : Getting all instance registry info from the eureka server
2026-09-14T02:26:19.524+05:30  INFO 23568 --- [schedule-service] [main] com.netflix.discovery.DiscoveryClient    : The response status is 200
2026-09-14T02:26:19.526+05:30  INFO 23568 --- [schedule-service] [main] com.netflix.discovery.DiscoveryClient    : Starting heartbeat executor: renew interval is: 30
2026-09-14T02:26:19.528+05:30  INFO 23568 --- [schedule-service] [main] c.n.discovery.InstanceInfoReplicator     : InstanceInfoReplicator onDemand update allowed rate per min is 4
2026-09-14T02:26:19.529+05:30  INFO 23568 --- [schedule-service] [main] com.netflix.discovery.DiscoveryClient    : Discovery Client initialized at timestamp 1789332979529 with initial instances count: 7
2026-09-14T02:26:19.533+05:30  INFO 23568 --- [schedule-service] [main] o.s.c.n.e.s.EurekaServiceRegistry        : Registering application SCHEDULE-SERVICE with eureka with status UP
2026-09-14T02:26:19.533+05:30  INFO 23568 --- [schedule-service] [main] com.netflix.discovery.DiscoveryClient    : Saw local status change event StatusChangeEvent [timestamp=1789332979533, current=UP, previous=STARTING]
2026-09-14T02:26:19.534+05:30  INFO 23568 --- [schedule-service] [DiscoveryClient-InstanceInfoReplicator-%d] com.netflix.discovery.DiscoveryClient    : DiscoveryClient_SCHEDULE-SERVICE/AKHIL:schedule-service:8084: registering service...
2026-09-14T02:26:19.551+05:30  INFO 23568 --- [schedule-service] [main] o.s.boot.tomcat.TomcatWebServer          : Tomcat started on port 8084 (http) with context path '/'
2026-09-14T02:26:19.553+05:30  INFO 23568 --- [schedule-service] [main] .s.c.n.e.s.EurekaAutoServiceRegistration : Updating port to 8084
2026-09-14T02:26:19.580+05:30  INFO 23568 --- [schedule-service] [main] c.r.s.ScheduleServiceApplication         : Started ScheduleServiceApplication in 10.735 seconds (process running for 12.228)
2026-09-14T02:26:19.587+05:30  WARN 23568 --- [schedule-service] [main] o.s.core.events.SpringDocAppInitializer  : SpringDoc /api/schedules/v3/api-docs endpoint is enabled by default. To disable it in production, set the property 'springdoc.api-docs.enabled=false'
2026-09-14T02:26:19.588+05:30  WARN 23568 --- [schedule-service] [main] o.s.core.events.SpringDocAppInitializer  : SpringDoc /swagger-ui.html endpoint is enabled by default. To disable it in production, set the property 'springdoc.swagger-ui.enabled=false'
2026-09-14T02:26:19.643+05:30  INFO 23568 --- [schedule-service] [DiscoveryClient-InstanceInfoReplicator-%d] com.netflix.discovery.DiscoveryClient    : DiscoveryClient_SCHEDULE-SERVICE/AKHIL:schedule-service:8084 - registration status: 204
2026-09-14T02:26:19.792+05:30  INFO 23568 --- [schedule-service] [RMI TCP Connection(1)-192.168.0.103] o.a.c.c.C.[Tomcat].[localhost].[/]       : Initializing Spring DispatcherServlet 'dispatcherServlet'
2026-09-14T02:26:19.792+05:30  INFO 23568 --- [schedule-service] [RMI TCP Connection(1)-192.168.0.103] o.s.web.servlet.DispatcherServlet        : Initializing Servlet 'dispatcherServlet'
2026-09-14T02:26:19.795+05:30  INFO 23568 --- [schedule-service] [RMI TCP Connection(1)-192.168.0.103] o.s.web.servlet.DispatcherServlet        : Completed initialization in 3 ms
2026-09-14T02:31:19.177+05:30  INFO 23568 --- [schedule-service] [AsyncResolver-bootstrap-executor-%d] c.n.d.s.r.aws.ConfigClusterResolver      : Resolving eureka endpoints via configuration
2026-09-14T02:36:19.181+05:30  INFO 23568 --- [schedule-service] [AsyncResolver-bootstrap-executor-%d] c.n.d.s.r.aws.ConfigClusterResolver      : Resolving eureka endpoints via configuration
2026-09-14T02:41:19.188+05:30  INFO 23568 --- [schedule-service] [AsyncResolver-bootstrap-executor-%d] c.n.d.s.r.aws.ConfigClusterResolver      : Resolving eureka endpoints via configuration
2026-09-14T02:46:19.196+05:30  INFO 23568 --- [schedule-service] [AsyncResolver-bootstrap-executor-%d] c.n.d.s.r.aws.ConfigClusterResolver      : Resolving eureka endpoints via configuration
2026-09-14T02:51:19.202+05:30  INFO 23568 --- [schedule-service] [AsyncResolver-bootstrap-executor-%d] c.n.d.s.r.aws.ConfigClusterResolver      : Resolving eureka endpoints via configuration
2026-09-14T02:54:52.372+05:30  INFO 23568 --- [schedule-service] [http-nio-8084-exec-1] o.springdoc.api.AbstractOpenApiResource  : Init duration for springdoc-openapi is: 195 ms
2026-09-14T02:56:19.207+05:30  INFO 23568 --- [schedule-service] [AsyncResolver-bootstrap-executor-%d] c.n.d.s.r.aws.ConfigClusterResolver      : Resolving eureka endpoints via configuration
2026-09-14T03:01:19.220+05:30  INFO 23568 --- [schedule-service] [AsyncResolver-bootstrap-executor-%d] c.n.d.s.r.aws.ConfigClusterResolver      : Resolving eureka endpoints via configuration
2026-09-14T03:06:19.226+05:30  INFO 23568 --- [schedule-service] [AsyncResolver-bootstrap-executor-%d] c.n.d.s.r.aws.ConfigClusterResolver      : Resolving eureka endpoints via configuration
2026-09-14T03:11:19.233+05:30  INFO 23568 --- [schedule-service] [AsyncResolver-bootstrap-executor-%d] c.n.d.s.r.aws.ConfigClusterResolver      : Resolving eureka endpoints via configuration
2026-09-14T03:16:37.483+05:30  WARN 23568 --- [schedule-service] [HikariPool-1:housekeeper] com.zaxxer.hikari.pool.HikariPool        : HikariPool-1 - Thread starvation or clock leap detected (housekeeper delta=2m20s519ms28µs900ns).
2026-09-14T03:17:03.683+05:30  INFO 23568 --- [schedule-service] [SpringApplicationShutdownHook] o.s.c.n.e.s.EurekaServiceRegistry        : Unregistering application SCHEDULE-SERVICE with eureka with status DOWN
2026-09-14T03:17:03.683+05:30  INFO 23568 --- [schedule-service] [SpringApplicationShutdownHook] com.netflix.discovery.DiscoveryClient    : Saw local status change event StatusChangeEvent [timestamp=1789336023683, current=DOWN, previous=UP]
2026-09-14T03:17:03.683+05:30  INFO 23568 --- [schedule-service] [DiscoveryClient-InstanceInfoReplicator-%d] com.netflix.discovery.DiscoveryClient    : DiscoveryClient_SCHEDULE-SERVICE/AKHIL:schedule-service:8084: registering service...
2026-09-14T03:17:03.687+05:30  INFO 23568 --- [schedule-service] [SpringApplicationShutdownHook] o.s.boot.tomcat.GracefulShutdown         : Commencing graceful shutdown. Waiting for active requests to complete
2026-09-14T03:17:03.693+05:30  INFO 23568 --- [schedule-service] [tomcat-shutdown] o.s.boot.tomcat.GracefulShutdown         : Graceful shutdown complete
2026-09-14T03:17:03.726+05:30  INFO 23568 --- [schedule-service] [SpringApplicationShutdownHook] j.LocalContainerEntityManagerFactoryBean : Closing JPA EntityManagerFactory for persistence unit 'default'
2026-09-14T03:17:03.730+05:30  INFO 23568 --- [schedule-service] [SpringApplicationShutdownHook] com.zaxxer.hikari.HikariDataSource       : HikariPool-1 - Shutdown initiated...
2026-09-14T03:17:03.735+05:30  INFO 23568 --- [schedule-service] [SpringApplicationShutdownHook] com.zaxxer.hikari.HikariDataSource       : HikariPool-1 - Shutdown completed.
2026-09-14T03:17:03.737+05:30  INFO 23568 --- [schedule-service] [SpringApplicationShutdownHook] com.netflix.discovery.DiscoveryClient    : Shutting down DiscoveryClient ...
2026-09-14T03:17:03.813+05:30  INFO 23568 --- [schedule-service] [DiscoveryClient-InstanceInfoReplicator-%d] com.netflix.discovery.DiscoveryClient    : DiscoveryClient_SCHEDULE-SERVICE/AKHIL:schedule-service:8084 - registration status: 204
2026-09-14T03:17:03.814+05:30  INFO 23568 --- [schedule-service] [SpringApplicationShutdownHook] com.netflix.discovery.DiscoveryClient    : Unregistering ...
2026-09-14T03:17:03.907+05:30  INFO 23568 --- [schedule-service] [SpringApplicationShutdownHook] com.netflix.discovery.DiscoveryClient    : DiscoveryClient_SCHEDULE-SERVICE/AKHIL:schedule-service:8084 - deregister  status: 200
2026-09-14T03:17:03.907+05:30  INFO 23568 --- [schedule-service] [SpringApplicationShutdownHook] com.netflix.discovery.DiscoveryClient    : Completed shut down of DiscoveryClient
2026-09-14T16:21:37.870+05:30  INFO 21984 --- [schedule-service] [main] c.r.s.ScheduleServiceApplicationTests    : Starting ScheduleServiceApplicationTests using Java 22.0.2 with PID 21984 (started by sprak in C:\Users\sprak\Desktop\railway-reservation-system\schedule-service)
2026-09-14T16:21:37.872+05:30 DEBUG 21984 --- [schedule-service] [main] c.r.s.ScheduleServiceApplicationTests    : Running with Spring Boot v4.1.1, Spring v7.0.9
2026-09-14T16:21:37.873+05:30  INFO 21984 --- [schedule-service] [main] c.r.s.ScheduleServiceApplicationTests    : No active profile set, falling back to 1 default profile: "default"
2026-09-14T16:21:37.930+05:30  INFO 21984 --- [schedule-service] [main] o.s.c.c.c.ConfigServerConfigDataLoader   : Fetching config from server at : http://localhost:8888
2026-09-14T16:21:37.931+05:30  INFO 21984 --- [schedule-service] [main] o.s.c.c.c.ConfigServerConfigDataLoader   : Located environment: name=schedule-service, profiles=[default], label=null, version=null, state=null
2026-09-14T16:21:39.095+05:30  INFO 21984 --- [schedule-service] [main] .s.d.r.c.RepositoryConfigurationDelegate : Bootstrapping Spring Data JPA repositories in DEFAULT mode.
2026-09-14T16:21:39.272+05:30  INFO 21984 --- [schedule-service] [main] .s.d.r.c.RepositoryConfigurationDelegate : Finished Spring Data repository scanning in 164 ms. Found 1 JPA repository interface.
2026-09-14T16:21:39.693+05:30  INFO 21984 --- [schedule-service] [main] o.s.cloud.context.scope.GenericScope     : BeanFactory id=22d716e0-0c69-38fe-a807-6ba8a644d92f
2026-09-14T16:21:40.147+05:30  INFO 21984 --- [schedule-service] [main] org.hibernate.orm.jpa                    : HHH008540: Processing PersistenceUnitInfo [name: default]
2026-09-14T16:21:40.244+05:30  INFO 21984 --- [schedule-service] [main] org.hibernate.orm.core                   : HHH000001: Hibernate ORM core version 7.4.5.Final
2026-09-14T16:21:40.598+05:30  INFO 21984 --- [schedule-service] [main] o.s.o.j.p.SpringPersistenceUnitInfo      : No LoadTimeWeaver setup: ignoring JPA class transformer
2026-09-14T16:21:40.636+05:30  INFO 21984 --- [schedule-service] [main] com.zaxxer.hikari.HikariDataSource       : HikariPool-1 - Starting...
2026-09-14T16:21:40.988+05:30  INFO 21984 --- [schedule-service] [main] com.zaxxer.hikari.pool.HikariPool        : HikariPool-1 - Added connection com.mysql.cj.jdbc.ConnectionImpl@4a6c33a0
2026-09-14T16:21:40.990+05:30  INFO 21984 --- [schedule-service] [main] com.zaxxer.hikari.HikariDataSource       : HikariPool-1 - Start completed.
2026-09-14T16:21:41.085+05:30  INFO 21984 --- [schedule-service] [main] org.hibernate.orm.connections.pooling    : HHH10001005: Database info:
	Database JDBC URL [jdbc:mysql://localhost:3306/railway_schedule_db?updateTimeZone=true]
	Database driver: MySQL Connector/J
	Database dialect: MySQLDialect
	Database version: 8.0.43
	Default catalog/schema: railway_schedule_db/undefined
	Autocommit mode: undefined/unknown
	Isolation level: REPEATABLE_READ [default REPEATABLE_READ]
	JDBC fetch size: none
	Pool: DataSourceConnectionProvider
	Minimum pool size: undefined/unknown
	Maximum pool size: undefined/unknown
2026-09-14T16:21:42.180+05:30  INFO 21984 --- [schedule-service] [main] org.hibernate.orm.core                   : HHH000489: No JTA platform available (set 'hibernate.transaction.jta.platform' to enable JTA platform integration)
2026-09-14T16:21:42.276+05:30  INFO 21984 --- [schedule-service] [main] j.LocalContainerEntityManagerFactoryBean : Initialized JPA EntityManagerFactory for persistence unit 'default'
2026-09-14T16:21:42.389+05:30  INFO 21984 --- [schedule-service] [main] o.s.d.j.r.query.QueryEnhancerFactories   : Hibernate is in classpath; If applicable, HQL parser will be used.
2026-09-14T16:21:42.953+05:30  WARN 21984 --- [schedule-service] [main] JpaBaseConfiguration$JpaWebConfiguration : spring.jpa.open-in-view is enabled by default. Therefore, database queries may be performed during view rendering. Explicitly configure spring.jpa.open-in-view to disable this warning
2026-09-14T16:21:43.127+05:30  WARN 21984 --- [schedule-service] [main] .s.a.UserDetailsServiceAutoConfiguration : 

Using generated security password: e8821980-775f-446a-b4aa-e1aa165a05d4

This generated password is for development use only. Your security configuration must be updated before running your application in production.

2026-09-14T16:21:43.136+05:30  INFO 21984 --- [schedule-service] [main] r$InitializeUserDetailsManagerConfigurer : Global AuthenticationManager configured with UserDetailsService bean with name inMemoryUserDetailsManager
2026-09-14T16:21:44.166+05:30  INFO 21984 --- [schedule-service] [main] DiscoveryClientOptionalArgsConfiguration : Eureka HTTP Client uses RestClient.
2026-09-14T16:21:44.218+05:30  WARN 21984 --- [schedule-service] [main] iguration$LoadBalancerCaffeineWarnLogger : Spring Cloud LoadBalancer is currently working with the default cache. While this cache implementation is useful for development and tests, it's recommended to use Caffeine cache in production.You can switch to using Caffeine cache, by adding it and org.springframework.cache.caffeine.CaffeineCacheManager to the classpath.
2026-09-14T16:21:44.236+05:30  INFO 21984 --- [schedule-service] [main] o.s.b.a.e.web.EndpointLinksResolver      : Exposing 1 endpoint beneath base path '/actuator'
2026-09-14T16:21:44.328+05:30  INFO 21984 --- [schedule-service] [main] o.s.c.n.eureka.InstanceInfoFactory       : Setting initial instance status as: STARTING
2026-09-14T16:21:44.364+05:30  INFO 21984 --- [schedule-service] [main] com.netflix.discovery.DiscoveryClient    : Initializing Eureka in region us-east-1
2026-09-14T16:21:44.370+05:30  INFO 21984 --- [schedule-service] [main] c.n.d.s.r.aws.ConfigClusterResolver      : Resolving eureka endpoints via configuration
2026-09-14T16:21:44.383+05:30  INFO 21984 --- [schedule-service] [main] com.netflix.discovery.DiscoveryClient    : Disable delta property : false
2026-09-14T16:21:44.384+05:30  INFO 21984 --- [schedule-service] [main] com.netflix.discovery.DiscoveryClient    : Single vip registry refresh property : null
2026-09-14T16:21:44.384+05:30  INFO 21984 --- [schedule-service] [main] com.netflix.discovery.DiscoveryClient    : Force full registry fetch : false
2026-09-14T16:21:44.384+05:30  INFO 21984 --- [schedule-service] [main] com.netflix.discovery.DiscoveryClient    : Application is null : false
2026-09-14T16:21:44.384+05:30  INFO 21984 --- [schedule-service] [main] com.netflix.discovery.DiscoveryClient    : Registered Applications size is zero : true
2026-09-14T16:21:44.384+05:30  INFO 21984 --- [schedule-service] [main] com.netflix.discovery.DiscoveryClient    : Application version is -1: true
2026-09-14T16:21:44.384+05:30  INFO 21984 --- [schedule-service] [main] com.netflix.discovery.DiscoveryClient    : Getting all instance registry info from the eureka server
2026-09-14T16:21:44.753+05:30  INFO 21984 --- [schedule-service] [main] com.netflix.discovery.DiscoveryClient    : The response status is 200
2026-09-14T16:21:44.755+05:30  INFO 21984 --- [schedule-service] [main] com.netflix.discovery.DiscoveryClient    : Starting heartbeat executor: renew interval is: 30
2026-09-14T16:21:44.757+05:30  INFO 21984 --- [schedule-service] [main] c.n.discovery.InstanceInfoReplicator     : InstanceInfoReplicator onDemand update allowed rate per min is 4
2026-09-14T16:21:44.758+05:30  INFO 21984 --- [schedule-service] [main] com.netflix.discovery.DiscoveryClient    : Discovery Client initialized at timestamp 1789383104757 with initial instances count: 2
2026-09-14T16:21:44.761+05:30  INFO 21984 --- [schedule-service] [main] o.s.c.n.e.s.EurekaServiceRegistry        : Registering application SCHEDULE-SERVICE with eureka with status UP
2026-09-14T16:21:44.761+05:30  INFO 21984 --- [schedule-service] [main] com.netflix.discovery.DiscoveryClient    : Saw local status change event StatusChangeEvent [timestamp=1789383104761, current=UP, previous=STARTING]
2026-09-14T16:21:44.763+05:30  INFO 21984 --- [schedule-service] [DiscoveryClient-InstanceInfoReplicator-%d] com.netflix.discovery.DiscoveryClient    : DiscoveryClient_SCHEDULE-SERVICE/AKHIL:schedule-service:8084: registering service...
2026-09-14T16:21:44.772+05:30  INFO 21984 --- [schedule-service] [main] c.r.s.ScheduleServiceApplicationTests    : Started ScheduleServiceApplicationTests in 8.075 seconds (process running for 10.895)
2026-09-14T16:21:44.856+05:30  WARN 21984 --- [schedule-service] [main] o.s.core.events.SpringDocAppInitializer  : SpringDoc /api/schedules/v3/api-docs endpoint is enabled by default. To disable it in production, set the property 'springdoc.api-docs.enabled=false'
2026-09-14T16:21:44.857+05:30  WARN 21984 --- [schedule-service] [main] o.s.core.events.SpringDocAppInitializer  : SpringDoc /swagger-ui.html endpoint is enabled by default. To disable it in production, set the property 'springdoc.swagger-ui.enabled=false'
2026-09-14T16:21:44.896+05:30  INFO 21984 --- [schedule-service] [DiscoveryClient-InstanceInfoReplicator-%d] com.netflix.discovery.DiscoveryClient    : DiscoveryClient_SCHEDULE-SERVICE/AKHIL:schedule-service:8084 - registration status: 204
2026-09-14T16:21:45.070+05:30  INFO 21984 --- [schedule-service] [main] c.r.s.service.ScheduleService            : Saved 2 stops for train 12045
2026-09-14T16:21:45.103+05:30  INFO 21984 --- [schedule-service] [SpringApplicationShutdownHook] o.s.c.n.e.s.EurekaServiceRegistry        : Unregistering application SCHEDULE-SERVICE with eureka with status DOWN
2026-09-14T16:21:45.103+05:30  INFO 21984 --- [schedule-service] [SpringApplicationShutdownHook] com.netflix.discovery.DiscoveryClient    : Saw local status change event StatusChangeEvent [timestamp=1789383105103, current=DOWN, previous=UP]
2026-09-14T16:21:45.103+05:30  INFO 21984 --- [schedule-service] [DiscoveryClient-InstanceInfoReplicator-%d] com.netflix.discovery.DiscoveryClient    : DiscoveryClient_SCHEDULE-SERVICE/AKHIL:schedule-service:8084: registering service...
2026-09-14T16:21:45.114+05:30  INFO 21984 --- [schedule-service] [SpringApplicationShutdownHook] j.LocalContainerEntityManagerFactoryBean : Closing JPA EntityManagerFactory for persistence unit 'default'
2026-09-14T16:21:45.117+05:30  INFO 21984 --- [schedule-service] [SpringApplicationShutdownHook] com.zaxxer.hikari.HikariDataSource       : HikariPool-1 - Shutdown initiated...
2026-09-14T16:21:45.125+05:30  INFO 21984 --- [schedule-service] [SpringApplicationShutdownHook] com.zaxxer.hikari.HikariDataSource       : HikariPool-1 - Shutdown completed.
2026-09-14T16:21:45.126+05:30  INFO 21984 --- [schedule-service] [SpringApplicationShutdownHook] com.netflix.discovery.DiscoveryClient    : Shutting down DiscoveryClient ...
2026-09-14T16:21:45.182+05:30  INFO 21984 --- [schedule-service] [DiscoveryClient-InstanceInfoReplicator-%d] com.netflix.discovery.DiscoveryClient    : DiscoveryClient_SCHEDULE-SERVICE/AKHIL:schedule-service:8084 - registration status: 204
2026-09-14T16:21:45.183+05:30  INFO 21984 --- [schedule-service] [SpringApplicationShutdownHook] com.netflix.discovery.DiscoveryClient    : Unregistering ...
2026-09-14T16:21:45.254+05:30  INFO 21984 --- [schedule-service] [SpringApplicationShutdownHook] com.netflix.discovery.DiscoveryClient    : DiscoveryClient_SCHEDULE-SERVICE/AKHIL:schedule-service:8084 - deregister  status: 200
2026-09-14T16:21:45.254+05:30  INFO 21984 --- [schedule-service] [SpringApplicationShutdownHook] com.netflix.discovery.DiscoveryClient    : Completed shut down of DiscoveryClient
