2026-09-14T00:08:02.879+05:30  WARN 20976 --- [user-service] [HikariPool-1:housekeeper] com.zaxxer.hikari.pool.HikariPool        : HikariPool-1 - Thread starvation or clock leap detected (housekeeper delta=56m59s448ms957µs200ns).
2026-09-14T00:11:45.295+05:30  INFO 20976 --- [user-service] [AsyncResolver-bootstrap-executor-%d] c.n.d.s.r.aws.ConfigClusterResolver      : Resolving eureka endpoints via configuration
2026-09-14T00:16:45.300+05:30  INFO 20976 --- [user-service] [AsyncResolver-bootstrap-executor-%d] c.n.d.s.r.aws.ConfigClusterResolver      : Resolving eureka endpoints via configuration
2026-09-14T00:21:45.308+05:30  INFO 20976 --- [user-service] [AsyncResolver-bootstrap-executor-%d] c.n.d.s.r.aws.ConfigClusterResolver      : Resolving eureka endpoints via configuration
2026-09-14T00:26:29.408+05:30  INFO 20976 --- [user-service] [http-nio-8082-exec-3] o.springdoc.api.AbstractOpenApiResource  : Init duration for springdoc-openapi is: 125 ms
2026-09-14T00:26:45.320+05:30  INFO 20976 --- [user-service] [AsyncResolver-bootstrap-executor-%d] c.n.d.s.r.aws.ConfigClusterResolver      : Resolving eureka endpoints via configuration
2026-09-14T00:31:45.331+05:30  INFO 20976 --- [user-service] [AsyncResolver-bootstrap-executor-%d] c.n.d.s.r.aws.ConfigClusterResolver      : Resolving eureka endpoints via configuration
2026-09-14T00:36:45.343+05:30  INFO 20976 --- [user-service] [AsyncResolver-bootstrap-executor-%d] c.n.d.s.r.aws.ConfigClusterResolver      : Resolving eureka endpoints via configuration
2026-09-14T00:41:45.347+05:30  INFO 20976 --- [user-service] [AsyncResolver-bootstrap-executor-%d] c.n.d.s.r.aws.ConfigClusterResolver      : Resolving eureka endpoints via configuration
2026-09-14T00:46:45.361+05:30  INFO 20976 --- [user-service] [AsyncResolver-bootstrap-executor-%d] c.n.d.s.r.aws.ConfigClusterResolver      : Resolving eureka endpoints via configuration
2026-09-14T00:51:45.377+05:30  INFO 20976 --- [user-service] [AsyncResolver-bootstrap-executor-%d] c.n.d.s.r.aws.ConfigClusterResolver      : Resolving eureka endpoints via configuration
2026-09-14T00:56:45.389+05:30  INFO 20976 --- [user-service] [AsyncResolver-bootstrap-executor-%d] c.n.d.s.r.aws.ConfigClusterResolver      : Resolving eureka endpoints via configuration
2026-09-14T01:01:45.398+05:30  INFO 20976 --- [user-service] [AsyncResolver-bootstrap-executor-%d] c.n.d.s.r.aws.ConfigClusterResolver      : Resolving eureka endpoints via configuration
2026-09-14T01:06:45.413+05:30  INFO 20976 --- [user-service] [AsyncResolver-bootstrap-executor-%d] c.n.d.s.r.aws.ConfigClusterResolver      : Resolving eureka endpoints via configuration
2026-09-14T01:11:45.421+05:30  INFO 20976 --- [user-service] [AsyncResolver-bootstrap-executor-%d] c.n.d.s.r.aws.ConfigClusterResolver      : Resolving eureka endpoints via configuration
2026-09-14T01:16:45.448+05:30  INFO 20976 --- [user-service] [AsyncResolver-bootstrap-executor-%d] c.n.d.s.r.aws.ConfigClusterResolver      : Resolving eureka endpoints via configuration
2026-09-14T01:21:45.455+05:30  INFO 20976 --- [user-service] [AsyncResolver-bootstrap-executor-%d] c.n.d.s.r.aws.ConfigClusterResolver      : Resolving eureka endpoints via configuration
2026-09-14T01:22:40.525+05:30  INFO 20976 --- [user-service] [SpringApplicationShutdownHook] o.s.c.n.e.s.EurekaServiceRegistry        : Unregistering application USER-SERVICE with eureka with status DOWN
2026-09-14T01:22:40.525+05:30  INFO 20976 --- [user-service] [SpringApplicationShutdownHook] com.netflix.discovery.DiscoveryClient    : Saw local status change event StatusChangeEvent [timestamp=1789329160525, current=DOWN, previous=UP]
2026-09-14T01:22:40.526+05:30  INFO 20976 --- [user-service] [DiscoveryClient-InstanceInfoReplicator-%d] com.netflix.discovery.DiscoveryClient    : DiscoveryClient_USER-SERVICE/AKHIL:user-service:8082: registering service...
2026-09-14T01:22:40.532+05:30  INFO 20976 --- [user-service] [SpringApplicationShutdownHook] o.s.boot.tomcat.GracefulShutdown         : Commencing graceful shutdown. Waiting for active requests to complete
2026-09-14T01:22:40.544+05:30  INFO 20976 --- [user-service] [tomcat-shutdown] o.s.boot.tomcat.GracefulShutdown         : Graceful shutdown complete
2026-09-14T01:22:40.560+05:30  INFO 20976 --- [user-service] [SpringApplicationShutdownHook] j.LocalContainerEntityManagerFactoryBean : Closing JPA EntityManagerFactory for persistence unit 'default'
2026-09-14T01:22:40.567+05:30  INFO 20976 --- [user-service] [SpringApplicationShutdownHook] com.zaxxer.hikari.HikariDataSource       : HikariPool-1 - Shutdown initiated...
2026-09-14T01:22:40.573+05:30  INFO 20976 --- [user-service] [SpringApplicationShutdownHook] com.zaxxer.hikari.HikariDataSource       : HikariPool-1 - Shutdown completed.
2026-09-14T01:22:40.574+05:30  INFO 20976 --- [user-service] [SpringApplicationShutdownHook] com.netflix.discovery.DiscoveryClient    : Shutting down DiscoveryClient ...
2026-09-14T01:22:40.642+05:30  INFO 20976 --- [user-service] [DiscoveryClient-InstanceInfoReplicator-%d] com.netflix.discovery.DiscoveryClient    : DiscoveryClient_USER-SERVICE/AKHIL:user-service:8082 - registration status: 204
2026-09-14T01:22:40.643+05:30  INFO 20976 --- [user-service] [SpringApplicationShutdownHook] com.netflix.discovery.DiscoveryClient    : Unregistering ...
2026-09-14T01:22:40.721+05:30  INFO 20976 --- [user-service] [SpringApplicationShutdownHook] com.netflix.discovery.DiscoveryClient    : DiscoveryClient_USER-SERVICE/AKHIL:user-service:8082 - deregister  status: 200
2026-09-14T01:22:40.721+05:30  INFO 20976 --- [user-service] [SpringApplicationShutdownHook] com.netflix.discovery.DiscoveryClient    : Completed shut down of DiscoveryClient
2026-09-14T01:22:46.522+05:30  INFO 8472 --- [user-service] [main] c.r.userservice.UserServiceApplication   : Starting UserServiceApplication using Java 22.0.2 with PID 8472 (C:\Users\sprak\Desktop\railway-reservation-system\user-service\target\classes started by sprak in C:\Users\sprak\Desktop\railway-reservation-system\user-service)
2026-09-14T01:22:46.526+05:30 DEBUG 8472 --- [user-service] [main] c.r.userservice.UserServiceApplication   : Running with Spring Boot v4.1.1, Spring v7.0.9
2026-09-14T01:22:46.527+05:30  INFO 8472 --- [user-service] [main] c.r.userservice.UserServiceApplication   : No active profile set, falling back to 1 default profile: "default"
2026-09-14T01:22:46.571+05:30  INFO 8472 --- [user-service] [main] o.s.c.c.c.ConfigServerConfigDataLoader   : Fetching config from server at : http://localhost:8888
2026-09-14T01:22:46.571+05:30  INFO 8472 --- [user-service] [main] o.s.c.c.c.ConfigServerConfigDataLoader   : Located environment: name=user-service, profiles=[default], label=null, version=null, state=null
2026-09-14T01:22:47.441+05:30  INFO 8472 --- [user-service] [main] .s.d.r.c.RepositoryConfigurationDelegate : Bootstrapping Spring Data JPA repositories in DEFAULT mode.
2026-09-14T01:22:47.550+05:30  INFO 8472 --- [user-service] [main] .s.d.r.c.RepositoryConfigurationDelegate : Finished Spring Data repository scanning in 102 ms. Found 1 JPA repository interface.
2026-09-14T01:22:47.831+05:30  INFO 8472 --- [user-service] [main] o.s.cloud.context.scope.GenericScope     : BeanFactory id=e2f66357-f5c4-3f9a-8f22-9e75f3f20709
2026-09-14T01:22:48.158+05:30  INFO 8472 --- [user-service] [main] o.s.boot.tomcat.TomcatWebServer          : Tomcat initialized with port 8082 (http)
2026-09-14T01:22:48.170+05:30  INFO 8472 --- [user-service] [main] o.apache.catalina.core.StandardService   : Starting service [Tomcat]
2026-09-14T01:22:48.170+05:30  INFO 8472 --- [user-service] [main] o.apache.catalina.core.StandardEngine    : Starting Servlet engine: [Apache Tomcat/11.0.24]
2026-09-14T01:22:48.226+05:30  INFO 8472 --- [user-service] [main] b.w.c.s.WebApplicationContextInitializer : Root WebApplicationContext: initialization completed in 1652 ms
2026-09-14T01:22:48.374+05:30 DEBUG 8472 --- [user-service] [main] c.r.userservice.config.JwtAuthFilter     : Filter 'jwtAuthFilter' configured for use
2026-09-14T01:22:48.490+05:30  INFO 8472 --- [user-service] [main] org.hibernate.orm.jpa                    : HHH008540: Processing PersistenceUnitInfo [name: default]
2026-09-14T01:22:48.541+05:30  INFO 8472 --- [user-service] [main] org.hibernate.orm.core                   : HHH000001: Hibernate ORM core version 7.4.5.Final
2026-09-14T01:22:48.921+05:30  INFO 8472 --- [user-service] [main] o.s.o.j.p.SpringPersistenceUnitInfo      : No LoadTimeWeaver setup: ignoring JPA class transformer
2026-09-14T01:22:48.951+05:30  INFO 8472 --- [user-service] [main] com.zaxxer.hikari.HikariDataSource       : HikariPool-1 - Starting...
2026-09-14T01:22:49.226+05:30  INFO 8472 --- [user-service] [main] com.zaxxer.hikari.pool.HikariPool        : HikariPool-1 - Added connection com.mysql.cj.jdbc.ConnectionImpl@6a08113d
2026-09-14T01:22:49.227+05:30  INFO 8472 --- [user-service] [main] com.zaxxer.hikari.HikariDataSource       : HikariPool-1 - Start completed.
2026-09-14T01:22:49.296+05:30  INFO 8472 --- [user-service] [main] org.hibernate.orm.connections.pooling    : HHH10001005: Database info:
	Database JDBC URL [jdbc:mysql://localhost:3306/railway_user_db?updateTimeZone=true]
	Database driver: MySQL Connector/J
	Database dialect: MySQLDialect
	Database version: 8.0.43
	Default catalog/schema: railway_user_db/undefined
	Autocommit mode: undefined/unknown
	Isolation level: REPEATABLE_READ [default REPEATABLE_READ]
	JDBC fetch size: none
	Pool: DataSourceConnectionProvider
	Minimum pool size: undefined/unknown
	Maximum pool size: undefined/unknown
2026-09-14T01:22:50.078+05:30  INFO 8472 --- [user-service] [main] org.hibernate.orm.core                   : HHH000489: No JTA platform available (set 'hibernate.transaction.jta.platform' to enable JTA platform integration)
2026-09-14T01:22:50.135+05:30  INFO 8472 --- [user-service] [main] j.LocalContainerEntityManagerFactoryBean : Initialized JPA EntityManagerFactory for persistence unit 'default'
2026-09-14T01:22:50.198+05:30  INFO 8472 --- [user-service] [main] o.s.d.j.r.query.QueryEnhancerFactories   : Hibernate is in classpath; If applicable, HQL parser will be used.
2026-09-14T01:22:50.443+05:30  WARN 8472 --- [user-service] [main] JpaBaseConfiguration$JpaWebConfiguration : spring.jpa.open-in-view is enabled by default. Therefore, database queries may be performed during view rendering. Explicitly configure spring.jpa.open-in-view to disable this warning
2026-09-14T01:22:50.513+05:30  WARN 8472 --- [user-service] [main] .s.a.UserDetailsServiceAutoConfiguration : 

Using generated security password: 062553e0-b609-47a2-812c-a5015c7916fe

This generated password is for development use only. Your security configuration must be updated before running your application in production.

2026-09-14T01:22:50.520+05:30  INFO 8472 --- [user-service] [main] r$InitializeUserDetailsManagerConfigurer : Global AuthenticationManager configured with UserDetailsService bean with name inMemoryUserDetailsManager
2026-09-14T01:22:51.254+05:30  INFO 8472 --- [user-service] [main] DiscoveryClientOptionalArgsConfiguration : Eureka HTTP Client uses RestClient.
2026-09-14T01:22:51.282+05:30  WARN 8472 --- [user-service] [main] iguration$LoadBalancerCaffeineWarnLogger : Spring Cloud LoadBalancer is currently working with the default cache. While this cache implementation is useful for development and tests, it's recommended to use Caffeine cache in production.You can switch to using Caffeine cache, by adding it and org.springframework.cache.caffeine.CaffeineCacheManager to the classpath.
2026-09-14T01:22:51.320+05:30  INFO 8472 --- [user-service] [main] o.s.b.a.e.web.EndpointLinksResolver      : Exposing 1 endpoint beneath base path '/actuator'
2026-09-14T01:22:51.392+05:30  INFO 8472 --- [user-service] [main] o.s.c.n.eureka.InstanceInfoFactory       : Setting initial instance status as: STARTING
2026-09-14T01:22:51.412+05:30  INFO 8472 --- [user-service] [main] com.netflix.discovery.DiscoveryClient    : Initializing Eureka in region us-east-1
2026-09-14T01:22:51.415+05:30  INFO 8472 --- [user-service] [main] c.n.d.s.r.aws.ConfigClusterResolver      : Resolving eureka endpoints via configuration
2026-09-14T01:22:51.424+05:30  INFO 8472 --- [user-service] [main] com.netflix.discovery.DiscoveryClient    : Disable delta property : false
2026-09-14T01:22:51.424+05:30  INFO 8472 --- [user-service] [main] com.netflix.discovery.DiscoveryClient    : Single vip registry refresh property : null
2026-09-14T01:22:51.424+05:30  INFO 8472 --- [user-service] [main] com.netflix.discovery.DiscoveryClient    : Force full registry fetch : false
2026-09-14T01:22:51.424+05:30  INFO 8472 --- [user-service] [main] com.netflix.discovery.DiscoveryClient    : Application is null : false
2026-09-14T01:22:51.425+05:30  INFO 8472 --- [user-service] [main] com.netflix.discovery.DiscoveryClient    : Registered Applications size is zero : true
2026-09-14T01:22:51.425+05:30  INFO 8472 --- [user-service] [main] com.netflix.discovery.DiscoveryClient    : Application version is -1: true
2026-09-14T01:22:51.425+05:30  INFO 8472 --- [user-service] [main] com.netflix.discovery.DiscoveryClient    : Getting all instance registry info from the eureka server
2026-09-14T01:22:51.795+05:30  INFO 8472 --- [user-service] [main] com.netflix.discovery.DiscoveryClient    : The response status is 200
2026-09-14T01:22:51.798+05:30  INFO 8472 --- [user-service] [main] com.netflix.discovery.DiscoveryClient    : Starting heartbeat executor: renew interval is: 30
2026-09-14T01:22:51.800+05:30  INFO 8472 --- [user-service] [main] c.n.discovery.InstanceInfoReplicator     : InstanceInfoReplicator onDemand update allowed rate per min is 4
2026-09-14T01:22:51.802+05:30  INFO 8472 --- [user-service] [main] com.netflix.discovery.DiscoveryClient    : Discovery Client initialized at timestamp 1789329171801 with initial instances count: 10
2026-09-14T01:22:51.806+05:30  INFO 8472 --- [user-service] [main] o.s.c.n.e.s.EurekaServiceRegistry        : Registering application USER-SERVICE with eureka with status UP
2026-09-14T01:22:51.807+05:30  INFO 8472 --- [user-service] [main] com.netflix.discovery.DiscoveryClient    : Saw local status change event StatusChangeEvent [timestamp=1789329171807, current=UP, previous=STARTING]
2026-09-14T01:22:51.808+05:30  INFO 8472 --- [user-service] [DiscoveryClient-InstanceInfoReplicator-%d] com.netflix.discovery.DiscoveryClient    : DiscoveryClient_USER-SERVICE/AKHIL:user-service:8082: registering service...
2026-09-14T01:22:51.829+05:30  INFO 8472 --- [user-service] [main] o.s.boot.tomcat.TomcatWebServer          : Tomcat started on port 8082 (http) with context path '/'
2026-09-14T01:22:51.830+05:30  INFO 8472 --- [user-service] [main] .s.c.n.e.s.EurekaAutoServiceRegistration : Updating port to 8082
2026-09-14T01:22:51.849+05:30  INFO 8472 --- [user-service] [main] c.r.userservice.UserServiceApplication   : Started UserServiceApplication in 6.823 seconds (process running for 7.89)
2026-09-14T01:22:51.859+05:30  WARN 8472 --- [user-service] [main] o.s.core.events.SpringDocAppInitializer  : SpringDoc /api/users/v3/api-docs endpoint is enabled by default. To disable it in production, set the property 'springdoc.api-docs.enabled=false'
2026-09-14T01:22:51.859+05:30  WARN 8472 --- [user-service] [main] o.s.core.events.SpringDocAppInitializer  : SpringDoc /swagger-ui.html endpoint is enabled by default. To disable it in production, set the property 'springdoc.swagger-ui.enabled=false'
2026-09-14T01:22:51.945+05:30  INFO 8472 --- [user-service] [DiscoveryClient-InstanceInfoReplicator-%d] com.netflix.discovery.DiscoveryClient    : DiscoveryClient_USER-SERVICE/AKHIL:user-service:8082 - registration status: 204
2026-09-14T01:22:52.218+05:30  INFO 8472 --- [user-service] [RMI TCP Connection(1)-192.168.0.103] o.a.c.c.C.[Tomcat].[localhost].[/]       : Initializing Spring DispatcherServlet 'dispatcherServlet'
2026-09-14T01:22:52.236+05:30  INFO 8472 --- [user-service] [RMI TCP Connection(1)-192.168.0.103] o.s.web.servlet.DispatcherServlet        : Initializing Servlet 'dispatcherServlet'
2026-09-14T01:22:52.240+05:30  INFO 8472 --- [user-service] [RMI TCP Connection(1)-192.168.0.103] o.s.web.servlet.DispatcherServlet        : Completed initialization in 4 ms
2026-09-14T01:27:51.432+05:30  INFO 8472 --- [user-service] [AsyncResolver-bootstrap-executor-%d] c.n.d.s.r.aws.ConfigClusterResolver      : Resolving eureka endpoints via configuration
2026-09-14T01:32:51.434+05:30  INFO 8472 --- [user-service] [AsyncResolver-bootstrap-executor-%d] c.n.d.s.r.aws.ConfigClusterResolver      : Resolving eureka endpoints via configuration
2026-09-14T01:37:51.443+05:30  INFO 8472 --- [user-service] [AsyncResolver-bootstrap-executor-%d] c.n.d.s.r.aws.ConfigClusterResolver      : Resolving eureka endpoints via configuration
2026-09-14T01:42:51.451+05:30  INFO 8472 --- [user-service] [AsyncResolver-bootstrap-executor-%d] c.n.d.s.r.aws.ConfigClusterResolver      : Resolving eureka endpoints via configuration
2026-09-14T01:47:51.460+05:30  INFO 8472 --- [user-service] [AsyncResolver-bootstrap-executor-%d] c.n.d.s.r.aws.ConfigClusterResolver      : Resolving eureka endpoints via configuration
2026-09-14T01:52:51.466+05:30  INFO 8472 --- [user-service] [AsyncResolver-bootstrap-executor-%d] c.n.d.s.r.aws.ConfigClusterResolver      : Resolving eureka endpoints via configuration
2026-09-14T01:57:51.477+05:30  INFO 8472 --- [user-service] [AsyncResolver-bootstrap-executor-%d] c.n.d.s.r.aws.ConfigClusterResolver      : Resolving eureka endpoints via configuration
2026-09-14T02:02:51.491+05:30  INFO 8472 --- [user-service] [AsyncResolver-bootstrap-executor-%d] c.n.d.s.r.aws.ConfigClusterResolver      : Resolving eureka endpoints via configuration
2026-09-14T02:07:51.495+05:30  INFO 8472 --- [user-service] [AsyncResolver-bootstrap-executor-%d] c.n.d.s.r.aws.ConfigClusterResolver      : Resolving eureka endpoints via configuration
2026-09-14T02:12:51.506+05:30  INFO 8472 --- [user-service] [AsyncResolver-bootstrap-executor-%d] c.n.d.s.r.aws.ConfigClusterResolver      : Resolving eureka endpoints via configuration
2026-09-14T02:17:51.521+05:30  INFO 8472 --- [user-service] [AsyncResolver-bootstrap-executor-%d] c.n.d.s.r.aws.ConfigClusterResolver      : Resolving eureka endpoints via configuration
2026-09-14T02:22:51.531+05:30  INFO 8472 --- [user-service] [AsyncResolver-bootstrap-executor-%d] c.n.d.s.r.aws.ConfigClusterResolver      : Resolving eureka endpoints via configuration
2026-09-14T02:25:45.921+05:30  INFO 8472 --- [user-service] [SpringApplicationShutdownHook] o.s.c.n.e.s.EurekaServiceRegistry        : Unregistering application USER-SERVICE with eureka with status DOWN
2026-09-14T02:25:45.922+05:30  INFO 8472 --- [user-service] [SpringApplicationShutdownHook] com.netflix.discovery.DiscoveryClient    : Saw local status change event StatusChangeEvent [timestamp=1789332945922, current=DOWN, previous=UP]
2026-09-14T02:25:45.923+05:30  INFO 8472 --- [user-service] [DiscoveryClient-InstanceInfoReplicator-%d] com.netflix.discovery.DiscoveryClient    : DiscoveryClient_USER-SERVICE/AKHIL:user-service:8082: registering service...
2026-09-14T02:25:45.947+05:30  INFO 8472 --- [user-service] [SpringApplicationShutdownHook] o.s.boot.tomcat.GracefulShutdown         : Commencing graceful shutdown. Waiting for active requests to complete
2026-09-14T02:25:45.961+05:30  INFO 8472 --- [user-service] [tomcat-shutdown] o.s.boot.tomcat.GracefulShutdown         : Graceful shutdown complete
2026-09-14T02:25:45.989+05:30  INFO 8472 --- [user-service] [SpringApplicationShutdownHook] j.LocalContainerEntityManagerFactoryBean : Closing JPA EntityManagerFactory for persistence unit 'default'
2026-09-14T02:25:46.011+05:30  INFO 8472 --- [user-service] [SpringApplicationShutdownHook] com.zaxxer.hikari.HikariDataSource       : HikariPool-1 - Shutdown initiated...
2026-09-14T02:25:46.023+05:30  INFO 8472 --- [user-service] [SpringApplicationShutdownHook] com.zaxxer.hikari.HikariDataSource       : HikariPool-1 - Shutdown completed.
2026-09-14T02:25:46.025+05:30  INFO 8472 --- [user-service] [SpringApplicationShutdownHook] com.netflix.discovery.DiscoveryClient    : Shutting down DiscoveryClient ...
2026-09-14T02:25:46.061+05:30  INFO 8472 --- [user-service] [DiscoveryClient-InstanceInfoReplicator-%d] com.netflix.discovery.DiscoveryClient    : DiscoveryClient_USER-SERVICE/AKHIL:user-service:8082 - registration status: 204
2026-09-14T02:25:46.062+05:30  INFO 8472 --- [user-service] [SpringApplicationShutdownHook] com.netflix.discovery.DiscoveryClient    : Unregistering ...
2026-09-14T02:25:46.167+05:30  INFO 8472 --- [user-service] [SpringApplicationShutdownHook] com.netflix.discovery.DiscoveryClient    : DiscoveryClient_USER-SERVICE/AKHIL:user-service:8082 - deregister  status: 200
2026-09-14T02:25:46.168+05:30  INFO 8472 --- [user-service] [SpringApplicationShutdownHook] com.netflix.discovery.DiscoveryClient    : Completed shut down of DiscoveryClient
2026-09-14T02:25:56.052+05:30  INFO 18864 --- [user-service] [main] c.r.userservice.UserServiceApplication   : Starting UserServiceApplication using Java 22.0.2 with PID 18864 (C:\Users\sprak\Desktop\railway-reservation-system\user-service\target\classes started by sprak in C:\Users\sprak\Desktop\railway-reservation-system\user-service)
2026-09-14T02:25:56.058+05:30 DEBUG 18864 --- [user-service] [main] c.r.userservice.UserServiceApplication   : Running with Spring Boot v4.1.1, Spring v7.0.9
2026-09-14T02:25:56.059+05:30  INFO 18864 --- [user-service] [main] c.r.userservice.UserServiceApplication   : No active profile set, falling back to 1 default profile: "default"
2026-09-14T02:25:56.170+05:30  INFO 18864 --- [user-service] [main] o.s.c.c.c.ConfigServerConfigDataLoader   : Fetching config from server at : http://localhost:8888
2026-09-14T02:25:56.171+05:30  INFO 18864 --- [user-service] [main] o.s.c.c.c.ConfigServerConfigDataLoader   : Located environment: name=user-service, profiles=[default], label=null, version=null, state=null
2026-09-14T02:25:58.223+05:30  INFO 18864 --- [user-service] [main] .s.d.r.c.RepositoryConfigurationDelegate : Bootstrapping Spring Data JPA repositories in DEFAULT mode.
2026-09-14T02:25:58.480+05:30  INFO 18864 --- [user-service] [main] .s.d.r.c.RepositoryConfigurationDelegate : Finished Spring Data repository scanning in 239 ms. Found 1 JPA repository interface.
2026-09-14T02:25:59.418+05:30  INFO 18864 --- [user-service] [main] o.s.cloud.context.scope.GenericScope     : BeanFactory id=e2f66357-f5c4-3f9a-8f22-9e75f3f20709
2026-09-14T02:26:00.852+05:30  INFO 18864 --- [user-service] [main] o.s.boot.tomcat.TomcatWebServer          : Tomcat initialized with port 8082 (http)
2026-09-14T02:26:00.893+05:30  INFO 18864 --- [user-service] [main] o.apache.catalina.core.StandardService   : Starting service [Tomcat]
2026-09-14T02:26:00.894+05:30  INFO 18864 --- [user-service] [main] o.apache.catalina.core.StandardEngine    : Starting Servlet engine: [Apache Tomcat/11.0.24]
2026-09-14T02:26:01.052+05:30  INFO 18864 --- [user-service] [main] b.w.c.s.WebApplicationContextInitializer : Root WebApplicationContext: initialization completed in 4874 ms
2026-09-14T02:26:01.534+05:30 DEBUG 18864 --- [user-service] [main] c.r.userservice.config.JwtAuthFilter     : Filter 'jwtAuthFilter' configured for use
2026-09-14T02:26:01.818+05:30  INFO 18864 --- [user-service] [main] org.hibernate.orm.jpa                    : HHH008540: Processing PersistenceUnitInfo [name: default]
2026-09-14T02:26:01.946+05:30  INFO 18864 --- [user-service] [main] org.hibernate.orm.core                   : HHH000001: Hibernate ORM core version 7.4.5.Final
2026-09-14T02:26:02.908+05:30  INFO 18864 --- [user-service] [main] o.s.o.j.p.SpringPersistenceUnitInfo      : No LoadTimeWeaver setup: ignoring JPA class transformer
2026-09-14T02:26:02.986+05:30  INFO 18864 --- [user-service] [main] com.zaxxer.hikari.HikariDataSource       : HikariPool-1 - Starting...
2026-09-14T02:26:03.683+05:30  INFO 18864 --- [user-service] [main] com.zaxxer.hikari.pool.HikariPool        : HikariPool-1 - Added connection com.mysql.cj.jdbc.ConnectionImpl@40aaf656
2026-09-14T02:26:03.688+05:30  INFO 18864 --- [user-service] [main] com.zaxxer.hikari.HikariDataSource       : HikariPool-1 - Start completed.
2026-09-14T02:26:03.891+05:30  INFO 18864 --- [user-service] [main] org.hibernate.orm.connections.pooling    : HHH10001005: Database info:
	Database JDBC URL [jdbc:mysql://localhost:3306/railway_user_db?updateTimeZone=true]
	Database driver: MySQL Connector/J
	Database dialect: MySQLDialect
	Database version: 8.0.43
	Default catalog/schema: railway_user_db/undefined
	Autocommit mode: undefined/unknown
	Isolation level: REPEATABLE_READ [default REPEATABLE_READ]
	JDBC fetch size: none
	Pool: DataSourceConnectionProvider
	Minimum pool size: undefined/unknown
	Maximum pool size: undefined/unknown
2026-09-14T02:26:05.974+05:30  INFO 18864 --- [user-service] [main] org.hibernate.orm.core                   : HHH000489: No JTA platform available (set 'hibernate.transaction.jta.platform' to enable JTA platform integration)
2026-09-14T02:26:06.087+05:30  INFO 18864 --- [user-service] [main] j.LocalContainerEntityManagerFactoryBean : Initialized JPA EntityManagerFactory for persistence unit 'default'
2026-09-14T02:26:06.247+05:30  INFO 18864 --- [user-service] [main] o.s.d.j.r.query.QueryEnhancerFactories   : Hibernate is in classpath; If applicable, HQL parser will be used.
2026-09-14T02:26:06.894+05:30  WARN 18864 --- [user-service] [main] JpaBaseConfiguration$JpaWebConfiguration : spring.jpa.open-in-view is enabled by default. Therefore, database queries may be performed during view rendering. Explicitly configure spring.jpa.open-in-view to disable this warning
2026-09-14T02:26:07.079+05:30  WARN 18864 --- [user-service] [main] .s.a.UserDetailsServiceAutoConfiguration : 

Using generated security password: 24990d16-ef99-4699-9258-f0b9b4df3c68

This generated password is for development use only. Your security configuration must be updated before running your application in production.

2026-09-14T02:26:07.096+05:30  INFO 18864 --- [user-service] [main] r$InitializeUserDetailsManagerConfigurer : Global AuthenticationManager configured with UserDetailsService bean with name inMemoryUserDetailsManager
2026-09-14T02:26:09.030+05:30  INFO 18864 --- [user-service] [main] DiscoveryClientOptionalArgsConfiguration : Eureka HTTP Client uses RestClient.
2026-09-14T02:26:09.119+05:30  WARN 18864 --- [user-service] [main] iguration$LoadBalancerCaffeineWarnLogger : Spring Cloud LoadBalancer is currently working with the default cache. While this cache implementation is useful for development and tests, it's recommended to use Caffeine cache in production.You can switch to using Caffeine cache, by adding it and org.springframework.cache.caffeine.CaffeineCacheManager to the classpath.
2026-09-14T02:26:09.179+05:30  INFO 18864 --- [user-service] [main] o.s.b.a.e.web.EndpointLinksResolver      : Exposing 1 endpoint beneath base path '/actuator'
2026-09-14T02:26:09.422+05:30  INFO 18864 --- [user-service] [main] o.s.c.n.eureka.InstanceInfoFactory       : Setting initial instance status as: STARTING
2026-09-14T02:26:09.482+05:30  INFO 18864 --- [user-service] [main] com.netflix.discovery.DiscoveryClient    : Initializing Eureka in region us-east-1
2026-09-14T02:26:09.491+05:30  INFO 18864 --- [user-service] [main] c.n.d.s.r.aws.ConfigClusterResolver      : Resolving eureka endpoints via configuration
2026-09-14T02:26:09.662+05:30  INFO 18864 --- [user-service] [main] com.netflix.discovery.DiscoveryClient    : Disable delta property : false
2026-09-14T02:26:09.662+05:30  INFO 18864 --- [user-service] [main] com.netflix.discovery.DiscoveryClient    : Single vip registry refresh property : null
2026-09-14T02:26:09.662+05:30  INFO 18864 --- [user-service] [main] com.netflix.discovery.DiscoveryClient    : Force full registry fetch : false
2026-09-14T02:26:09.663+05:30  INFO 18864 --- [user-service] [main] com.netflix.discovery.DiscoveryClient    : Application is null : false
2026-09-14T02:26:09.663+05:30  INFO 18864 --- [user-service] [main] com.netflix.discovery.DiscoveryClient    : Registered Applications size is zero : true
2026-09-14T02:26:09.663+05:30  INFO 18864 --- [user-service] [main] com.netflix.discovery.DiscoveryClient    : Application version is -1: true
2026-09-14T02:26:09.663+05:30  INFO 18864 --- [user-service] [main] com.netflix.discovery.DiscoveryClient    : Getting all instance registry info from the eureka server
2026-09-14T02:26:10.602+05:30  INFO 18864 --- [user-service] [main] com.netflix.discovery.DiscoveryClient    : The response status is 200
2026-09-14T02:26:10.606+05:30  INFO 18864 --- [user-service] [main] com.netflix.discovery.DiscoveryClient    : Starting heartbeat executor: renew interval is: 30
2026-09-14T02:26:10.610+05:30  INFO 18864 --- [user-service] [main] c.n.discovery.InstanceInfoReplicator     : InstanceInfoReplicator onDemand update allowed rate per min is 4
2026-09-14T02:26:10.612+05:30  INFO 18864 --- [user-service] [main] com.netflix.discovery.DiscoveryClient    : Discovery Client initialized at timestamp 1789332970612 with initial instances count: 7
2026-09-14T02:26:10.621+05:30  INFO 18864 --- [user-service] [main] o.s.c.n.e.s.EurekaServiceRegistry        : Registering application USER-SERVICE with eureka with status UP
2026-09-14T02:26:10.624+05:30  INFO 18864 --- [user-service] [main] com.netflix.discovery.DiscoveryClient    : Saw local status change event StatusChangeEvent [timestamp=1789332970624, current=UP, previous=STARTING]
2026-09-14T02:26:10.628+05:30  INFO 18864 --- [user-service] [DiscoveryClient-InstanceInfoReplicator-%d] com.netflix.discovery.DiscoveryClient    : DiscoveryClient_USER-SERVICE/AKHIL:user-service:8082: registering service...
2026-09-14T02:26:10.667+05:30  INFO 18864 --- [user-service] [main] o.s.boot.tomcat.TomcatWebServer          : Tomcat started on port 8082 (http) with context path '/'
2026-09-14T02:26:10.668+05:30  INFO 18864 --- [user-service] [main] .s.c.n.e.s.EurekaAutoServiceRegistration : Updating port to 8082
2026-09-14T02:26:10.697+05:30  INFO 18864 --- [user-service] [main] c.r.userservice.UserServiceApplication   : Started UserServiceApplication in 17.59 seconds (process running for 19.266)
2026-09-14T02:26:10.709+05:30  WARN 18864 --- [user-service] [main] o.s.core.events.SpringDocAppInitializer  : SpringDoc /api/users/v3/api-docs endpoint is enabled by default. To disable it in production, set the property 'springdoc.api-docs.enabled=false'
2026-09-14T02:26:10.710+05:30  WARN 18864 --- [user-service] [main] o.s.core.events.SpringDocAppInitializer  : SpringDoc /swagger-ui.html endpoint is enabled by default. To disable it in production, set the property 'springdoc.swagger-ui.enabled=false'
2026-09-14T02:26:10.820+05:30  INFO 18864 --- [user-service] [DiscoveryClient-InstanceInfoReplicator-%d] com.netflix.discovery.DiscoveryClient    : DiscoveryClient_USER-SERVICE/AKHIL:user-service:8082 - registration status: 204
2026-09-14T02:26:10.929+05:30  INFO 18864 --- [user-service] [RMI TCP Connection(1)-192.168.0.103] o.a.c.c.C.[Tomcat].[localhost].[/]       : Initializing Spring DispatcherServlet 'dispatcherServlet'
2026-09-14T02:26:10.930+05:30  INFO 18864 --- [user-service] [RMI TCP Connection(1)-192.168.0.103] o.s.web.servlet.DispatcherServlet        : Initializing Servlet 'dispatcherServlet'
2026-09-14T02:26:10.934+05:30  INFO 18864 --- [user-service] [RMI TCP Connection(1)-192.168.0.103] o.s.web.servlet.DispatcherServlet        : Completed initialization in 4 ms
2026-09-14T02:31:09.674+05:30  INFO 18864 --- [user-service] [AsyncResolver-bootstrap-executor-%d] c.n.d.s.r.aws.ConfigClusterResolver      : Resolving eureka endpoints via configuration
2026-09-14T02:31:37.102+05:30  INFO 18864 --- [user-service] [http-nio-8082-exec-1] o.springdoc.api.AbstractOpenApiResource  : Init duration for springdoc-openapi is: 274 ms
2026-09-14T02:36:09.678+05:30  INFO 18864 --- [user-service] [AsyncResolver-bootstrap-executor-%d] c.n.d.s.r.aws.ConfigClusterResolver      : Resolving eureka endpoints via configuration
2026-09-14T02:41:09.681+05:30  INFO 18864 --- [user-service] [AsyncResolver-bootstrap-executor-%d] c.n.d.s.r.aws.ConfigClusterResolver      : Resolving eureka endpoints via configuration
2026-09-14T02:46:09.689+05:30  INFO 18864 --- [user-service] [AsyncResolver-bootstrap-executor-%d] c.n.d.s.r.aws.ConfigClusterResolver      : Resolving eureka endpoints via configuration
2026-09-14T02:51:09.694+05:30  INFO 18864 --- [user-service] [AsyncResolver-bootstrap-executor-%d] c.n.d.s.r.aws.ConfigClusterResolver      : Resolving eureka endpoints via configuration
2026-09-14T02:51:58.250+05:30  WARN 18864 --- [user-service] [http-nio-8082-exec-5] c.r.u.exception.GlobalExceptionHandler   : Resource not found: Profile not found for user: deep_00
2026-09-14T02:53:21.491+05:30  INFO 18864 --- [user-service] [http-nio-8082-exec-7] c.r.u.service.UserProfileService         : Profile updated successfully for user: deep_00
2026-09-14T02:56:09.702+05:30  INFO 18864 --- [user-service] [AsyncResolver-bootstrap-executor-%d] c.n.d.s.r.aws.ConfigClusterResolver      : Resolving eureka endpoints via configuration
2026-09-14T03:01:09.715+05:30  INFO 18864 --- [user-service] [AsyncResolver-bootstrap-executor-%d] c.n.d.s.r.aws.ConfigClusterResolver      : Resolving eureka endpoints via configuration
2026-09-14T03:06:09.720+05:30  INFO 18864 --- [user-service] [AsyncResolver-bootstrap-executor-%d] c.n.d.s.r.aws.ConfigClusterResolver      : Resolving eureka endpoints via configuration
2026-09-14T03:11:09.726+05:30  INFO 18864 --- [user-service] [AsyncResolver-bootstrap-executor-%d] c.n.d.s.r.aws.ConfigClusterResolver      : Resolving eureka endpoints via configuration
2026-09-14T03:16:11.301+05:30  WARN 18864 --- [user-service] [HikariPool-1:housekeeper] com.zaxxer.hikari.pool.HikariPool        : HikariPool-1 - Thread starvation or clock leap detected (housekeeper delta=1m36s783ms209µs100ns).
2026-09-14T03:17:01.964+05:30  WARN 18864 --- [user-service] [HikariPool-1:housekeeper] com.zaxxer.hikari.pool.HikariPool        : HikariPool-1 - Thread starvation or clock leap detected (housekeeper delta=50s663ms2µs300ns).
2026-09-14T03:17:06.506+05:30  INFO 18864 --- [user-service] [SpringApplicationShutdownHook] o.s.c.n.e.s.EurekaServiceRegistry        : Unregistering application USER-SERVICE with eureka with status DOWN
2026-09-14T03:17:06.506+05:30  INFO 18864 --- [user-service] [SpringApplicationShutdownHook] com.netflix.discovery.DiscoveryClient    : Saw local status change event StatusChangeEvent [timestamp=1789336026506, current=DOWN, previous=UP]
2026-09-14T03:17:06.506+05:30  INFO 18864 --- [user-service] [DiscoveryClient-InstanceInfoReplicator-%d] com.netflix.discovery.DiscoveryClient    : DiscoveryClient_USER-SERVICE/AKHIL:user-service:8082: registering service...
2026-09-14T03:17:06.510+05:30  INFO 18864 --- [user-service] [SpringApplicationShutdownHook] o.s.boot.tomcat.GracefulShutdown         : Commencing graceful shutdown. Waiting for active requests to complete
2026-09-14T03:17:06.522+05:30  INFO 18864 --- [user-service] [tomcat-shutdown] o.s.boot.tomcat.GracefulShutdown         : Graceful shutdown complete
2026-09-14T03:17:06.542+05:30  INFO 18864 --- [user-service] [SpringApplicationShutdownHook] j.LocalContainerEntityManagerFactoryBean : Closing JPA EntityManagerFactory for persistence unit 'default'
2026-09-14T03:17:06.551+05:30  INFO 18864 --- [user-service] [SpringApplicationShutdownHook] com.zaxxer.hikari.HikariDataSource       : HikariPool-1 - Shutdown initiated...
2026-09-14T03:17:06.559+05:30  INFO 18864 --- [user-service] [SpringApplicationShutdownHook] com.zaxxer.hikari.HikariDataSource       : HikariPool-1 - Shutdown completed.
2026-09-14T03:17:06.560+05:30  INFO 18864 --- [user-service] [SpringApplicationShutdownHook] com.netflix.discovery.DiscoveryClient    : Shutting down DiscoveryClient ...
2026-09-14T03:17:06.639+05:30  INFO 18864 --- [user-service] [DiscoveryClient-InstanceInfoReplicator-%d] com.netflix.discovery.DiscoveryClient    : DiscoveryClient_USER-SERVICE/AKHIL:user-service:8082 - registration status: 204
2026-09-14T03:17:06.640+05:30  INFO 18864 --- [user-service] [SpringApplicationShutdownHook] com.netflix.discovery.DiscoveryClient    : Unregistering ...
2026-09-14T03:17:06.753+05:30  INFO 18864 --- [user-service] [SpringApplicationShutdownHook] com.netflix.discovery.DiscoveryClient    : DiscoveryClient_USER-SERVICE/AKHIL:user-service:8082 - deregister  status: 200
2026-09-14T03:17:06.753+05:30  INFO 18864 --- [user-service] [SpringApplicationShutdownHook] com.netflix.discovery.DiscoveryClient    : Completed shut down of DiscoveryClient
2026-09-14T15:48:25.968+05:30  INFO 20300 --- [user-service] [main] c.r.u.UserServiceApplicationTests        : Starting UserServiceApplicationTests using Java 22.0.2 with PID 20300 (started by sprak in C:\Users\sprak\Desktop\railway-reservation-system\user-service)
2026-09-14T15:48:25.971+05:30 DEBUG 20300 --- [user-service] [main] c.r.u.UserServiceApplicationTests        : Running with Spring Boot v4.1.1, Spring v7.0.9
2026-09-14T15:48:25.971+05:30  INFO 20300 --- [user-service] [main] c.r.u.UserServiceApplicationTests        : No active profile set, falling back to 1 default profile: "default"
2026-09-14T15:48:26.018+05:30  INFO 20300 --- [user-service] [main] o.s.c.c.c.ConfigServerConfigDataLoader   : Fetching config from server at : http://localhost:8888
2026-09-14T15:48:26.018+05:30  INFO 20300 --- [user-service] [main] o.s.c.c.c.ConfigServerConfigDataLoader   : Located environment: name=user-service, profiles=[default], label=null, version=null, state=null
2026-09-14T15:48:27.208+05:30  INFO 20300 --- [user-service] [main] .s.d.r.c.RepositoryConfigurationDelegate : Bootstrapping Spring Data JPA repositories in DEFAULT mode.
2026-09-14T15:48:27.381+05:30  INFO 20300 --- [user-service] [main] .s.d.r.c.RepositoryConfigurationDelegate : Finished Spring Data repository scanning in 157 ms. Found 1 JPA repository interface.
2026-09-14T15:48:27.800+05:30  INFO 20300 --- [user-service] [main] o.s.cloud.context.scope.GenericScope     : BeanFactory id=242cf0e7-0a53-3185-9170-44f16edaf341
2026-09-14T15:48:28.252+05:30  INFO 20300 --- [user-service] [main] org.hibernate.orm.jpa                    : HHH008540: Processing PersistenceUnitInfo [name: default]
2026-09-14T15:48:28.382+05:30  INFO 20300 --- [user-service] [main] org.hibernate.orm.core                   : HHH000001: Hibernate ORM core version 7.4.5.Final
2026-09-14T15:48:28.787+05:30  INFO 20300 --- [user-service] [main] o.s.o.j.p.SpringPersistenceUnitInfo      : No LoadTimeWeaver setup: ignoring JPA class transformer
2026-09-14T15:48:28.836+05:30  INFO 20300 --- [user-service] [main] com.zaxxer.hikari.HikariDataSource       : HikariPool-1 - Starting...
2026-09-14T15:48:31.933+05:30  INFO 20300 --- [user-service] [main] com.zaxxer.hikari.pool.HikariPool        : HikariPool-1 - Added connection com.mysql.cj.jdbc.ConnectionImpl@5cbf423b
2026-09-14T15:48:31.937+05:30  INFO 20300 --- [user-service] [main] com.zaxxer.hikari.HikariDataSource       : HikariPool-1 - Start completed.
2026-09-14T15:48:32.100+05:30  INFO 20300 --- [user-service] [main] org.hibernate.orm.connections.pooling    : HHH10001005: Database info:
	Database JDBC URL [jdbc:mysql://localhost:3306/railway_user_db?updateTimeZone=true]
	Database driver: MySQL Connector/J
	Database dialect: MySQLDialect
	Database version: 8.0.43
	Default catalog/schema: railway_user_db/undefined
	Autocommit mode: undefined/unknown
	Isolation level: REPEATABLE_READ [default REPEATABLE_READ]
	JDBC fetch size: none
	Pool: DataSourceConnectionProvider
	Minimum pool size: undefined/unknown
	Maximum pool size: undefined/unknown
2026-09-14T15:48:32.971+05:30  INFO 20300 --- [user-service] [main] org.hibernate.orm.core                   : HHH000489: No JTA platform available (set 'hibernate.transaction.jta.platform' to enable JTA platform integration)
2026-09-14T15:48:33.031+05:30  INFO 20300 --- [user-service] [main] j.LocalContainerEntityManagerFactoryBean : Initialized JPA EntityManagerFactory for persistence unit 'default'
2026-09-14T15:48:33.132+05:30  INFO 20300 --- [user-service] [main] o.s.d.j.r.query.QueryEnhancerFactories   : Hibernate is in classpath; If applicable, HQL parser will be used.
2026-09-14T15:48:33.646+05:30  WARN 20300 --- [user-service] [main] JpaBaseConfiguration$JpaWebConfiguration : spring.jpa.open-in-view is enabled by default. Therefore, database queries may be performed during view rendering. Explicitly configure spring.jpa.open-in-view to disable this warning
2026-09-14T15:48:33.775+05:30  WARN 20300 --- [user-service] [main] .s.a.UserDetailsServiceAutoConfiguration : 

Using generated security password: b80b826b-d807-40a9-af76-06d27d1045e6

This generated password is for development use only. Your security configuration must be updated before running your application in production.

2026-09-14T15:48:33.782+05:30  INFO 20300 --- [user-service] [main] r$InitializeUserDetailsManagerConfigurer : Global AuthenticationManager configured with UserDetailsService bean with name inMemoryUserDetailsManager
2026-09-14T15:48:34.778+05:30  INFO 20300 --- [user-service] [main] DiscoveryClientOptionalArgsConfiguration : Eureka HTTP Client uses RestClient.
2026-09-14T15:48:34.828+05:30  WARN 20300 --- [user-service] [main] iguration$LoadBalancerCaffeineWarnLogger : Spring Cloud LoadBalancer is currently working with the default cache. While this cache implementation is useful for development and tests, it's recommended to use Caffeine cache in production.You can switch to using Caffeine cache, by adding it and org.springframework.cache.caffeine.CaffeineCacheManager to the classpath.
2026-09-14T15:48:34.851+05:30  INFO 20300 --- [user-service] [main] o.s.b.a.e.web.EndpointLinksResolver      : Exposing 1 endpoint beneath base path '/actuator'
2026-09-14T15:48:34.929+05:30  INFO 20300 --- [user-service] [main] o.s.c.n.eureka.InstanceInfoFactory       : Setting initial instance status as: STARTING
2026-09-14T15:48:34.952+05:30  INFO 20300 --- [user-service] [main] com.netflix.discovery.DiscoveryClient    : Initializing Eureka in region us-east-1
2026-09-14T15:48:34.956+05:30  INFO 20300 --- [user-service] [main] c.n.d.s.r.aws.ConfigClusterResolver      : Resolving eureka endpoints via configuration
2026-09-14T15:48:34.963+05:30  INFO 20300 --- [user-service] [main] com.netflix.discovery.DiscoveryClient    : Disable delta property : false
2026-09-14T15:48:34.963+05:30  INFO 20300 --- [user-service] [main] com.netflix.discovery.DiscoveryClient    : Single vip registry refresh property : null
2026-09-14T15:48:34.963+05:30  INFO 20300 --- [user-service] [main] com.netflix.discovery.DiscoveryClient    : Force full registry fetch : false
2026-09-14T15:48:34.963+05:30  INFO 20300 --- [user-service] [main] com.netflix.discovery.DiscoveryClient    : Application is null : false
2026-09-14T15:48:34.963+05:30  INFO 20300 --- [user-service] [main] com.netflix.discovery.DiscoveryClient    : Registered Applications size is zero : true
2026-09-14T15:48:34.963+05:30  INFO 20300 --- [user-service] [main] com.netflix.discovery.DiscoveryClient    : Application version is -1: true
2026-09-14T15:48:34.963+05:30  INFO 20300 --- [user-service] [main] com.netflix.discovery.DiscoveryClient    : Getting all instance registry info from the eureka server
2026-09-14T15:48:35.342+05:30  INFO 20300 --- [user-service] [main] com.netflix.discovery.DiscoveryClient    : The response status is 200
2026-09-14T15:48:35.344+05:30  INFO 20300 --- [user-service] [main] com.netflix.discovery.DiscoveryClient    : Starting heartbeat executor: renew interval is: 30
2026-09-14T15:48:35.346+05:30  INFO 20300 --- [user-service] [main] c.n.discovery.InstanceInfoReplicator     : InstanceInfoReplicator onDemand update allowed rate per min is 4
2026-09-14T15:48:35.348+05:30  INFO 20300 --- [user-service] [main] com.netflix.discovery.DiscoveryClient    : Discovery Client initialized at timestamp 1789381115348 with initial instances count: 2
2026-09-14T15:48:35.351+05:30  INFO 20300 --- [user-service] [main] o.s.c.n.e.s.EurekaServiceRegistry        : Registering application USER-SERVICE with eureka with status UP
2026-09-14T15:48:35.352+05:30  INFO 20300 --- [user-service] [main] com.netflix.discovery.DiscoveryClient    : Saw local status change event StatusChangeEvent [timestamp=1789381115352, current=UP, previous=STARTING]
2026-09-14T15:48:35.354+05:30  INFO 20300 --- [user-service] [DiscoveryClient-InstanceInfoReplicator-%d] com.netflix.discovery.DiscoveryClient    : DiscoveryClient_USER-SERVICE/AKHIL:user-service:8082: registering service...
2026-09-14T15:48:35.366+05:30  INFO 20300 --- [user-service] [main] c.r.u.UserServiceApplicationTests        : Started UserServiceApplicationTests in 10.557 seconds (process running for 13.523)
2026-09-14T15:48:35.461+05:30  WARN 20300 --- [user-service] [main] o.s.core.events.SpringDocAppInitializer  : SpringDoc /api/users/v3/api-docs endpoint is enabled by default. To disable it in production, set the property 'springdoc.api-docs.enabled=false'
2026-09-14T15:48:35.462+05:30  WARN 20300 --- [user-service] [main] o.s.core.events.SpringDocAppInitializer  : SpringDoc /swagger-ui.html endpoint is enabled by default. To disable it in production, set the property 'springdoc.swagger-ui.enabled=false'
2026-09-14T15:48:35.502+05:30  INFO 20300 --- [user-service] [DiscoveryClient-InstanceInfoReplicator-%d] com.netflix.discovery.DiscoveryClient    : DiscoveryClient_USER-SERVICE/AKHIL:user-service:8082 - registration status: 204
2026-09-14T15:48:35.530+05:30  INFO 20300 --- [user-service] [SpringApplicationShutdownHook] o.s.c.n.e.s.EurekaServiceRegistry        : Unregistering application USER-SERVICE with eureka with status DOWN
2026-09-14T15:48:35.531+05:30  INFO 20300 --- [user-service] [SpringApplicationShutdownHook] com.netflix.discovery.DiscoveryClient    : Saw local status change event StatusChangeEvent [timestamp=1789381115531, current=DOWN, previous=UP]
2026-09-14T15:48:35.531+05:30  INFO 20300 --- [user-service] [DiscoveryClient-InstanceInfoReplicator-%d] com.netflix.discovery.DiscoveryClient    : DiscoveryClient_USER-SERVICE/AKHIL:user-service:8082: registering service...
2026-09-14T15:48:35.545+05:30  INFO 20300 --- [user-service] [SpringApplicationShutdownHook] j.LocalContainerEntityManagerFactoryBean : Closing JPA EntityManagerFactory for persistence unit 'default'
2026-09-14T15:48:35.551+05:30  INFO 20300 --- [user-service] [SpringApplicationShutdownHook] com.zaxxer.hikari.HikariDataSource       : HikariPool-1 - Shutdown initiated...
2026-09-14T15:48:35.561+05:30  INFO 20300 --- [user-service] [SpringApplicationShutdownHook] com.zaxxer.hikari.HikariDataSource       : HikariPool-1 - Shutdown completed.
2026-09-14T15:48:35.562+05:30  INFO 20300 --- [user-service] [SpringApplicationShutdownHook] com.netflix.discovery.DiscoveryClient    : Shutting down DiscoveryClient ...
2026-09-14T15:48:35.618+05:30  INFO 20300 --- [user-service] [DiscoveryClient-InstanceInfoReplicator-%d] com.netflix.discovery.DiscoveryClient    : DiscoveryClient_USER-SERVICE/AKHIL:user-service:8082 - registration status: 204
2026-09-14T15:48:35.618+05:30  INFO 20300 --- [user-service] [SpringApplicationShutdownHook] com.netflix.discovery.DiscoveryClient    : Unregistering ...
2026-09-14T15:48:35.691+05:30  INFO 20300 --- [user-service] [SpringApplicationShutdownHook] com.netflix.discovery.DiscoveryClient    : DiscoveryClient_USER-SERVICE/AKHIL:user-service:8082 - deregister  status: 200
2026-09-14T15:48:35.692+05:30  INFO 20300 --- [user-service] [SpringApplicationShutdownHook] com.netflix.discovery.DiscoveryClient    : Completed shut down of DiscoveryClient
