2026-09-14T00:08:07.135+05:30  WARN 22224 --- [train-service] [HikariPool-1:housekeeper] com.zaxxer.hikari.pool.HikariPool        : HikariPool-1 - Thread starvation or clock leap detected (housekeeper delta=17m18s728ms424µs800ns).
2026-09-14T00:11:49.249+05:30  INFO 22224 --- [train-service] [AsyncResolver-bootstrap-executor-%d] c.n.d.s.r.aws.ConfigClusterResolver      : Resolving eureka endpoints via configuration
2026-09-14T00:16:49.264+05:30  INFO 22224 --- [train-service] [AsyncResolver-bootstrap-executor-%d] c.n.d.s.r.aws.ConfigClusterResolver      : Resolving eureka endpoints via configuration
2026-09-14T00:21:49.289+05:30  INFO 22224 --- [train-service] [AsyncResolver-bootstrap-executor-%d] c.n.d.s.r.aws.ConfigClusterResolver      : Resolving eureka endpoints via configuration
2026-09-14T00:26:49.301+05:30  INFO 22224 --- [train-service] [AsyncResolver-bootstrap-executor-%d] c.n.d.s.r.aws.ConfigClusterResolver      : Resolving eureka endpoints via configuration
2026-09-14T00:31:49.315+05:30  INFO 22224 --- [train-service] [AsyncResolver-bootstrap-executor-%d] c.n.d.s.r.aws.ConfigClusterResolver      : Resolving eureka endpoints via configuration
2026-09-14T00:36:49.330+05:30  INFO 22224 --- [train-service] [AsyncResolver-bootstrap-executor-%d] c.n.d.s.r.aws.ConfigClusterResolver      : Resolving eureka endpoints via configuration
2026-09-14T00:41:49.335+05:30  INFO 22224 --- [train-service] [AsyncResolver-bootstrap-executor-%d] c.n.d.s.r.aws.ConfigClusterResolver      : Resolving eureka endpoints via configuration
2026-09-14T00:46:49.349+05:30  INFO 22224 --- [train-service] [AsyncResolver-bootstrap-executor-%d] c.n.d.s.r.aws.ConfigClusterResolver      : Resolving eureka endpoints via configuration
2026-09-14T00:51:49.363+05:30  INFO 22224 --- [train-service] [AsyncResolver-bootstrap-executor-%d] c.n.d.s.r.aws.ConfigClusterResolver      : Resolving eureka endpoints via configuration
2026-09-14T00:56:49.373+05:30  INFO 22224 --- [train-service] [AsyncResolver-bootstrap-executor-%d] c.n.d.s.r.aws.ConfigClusterResolver      : Resolving eureka endpoints via configuration
2026-09-14T01:01:49.381+05:30  INFO 22224 --- [train-service] [AsyncResolver-bootstrap-executor-%d] c.n.d.s.r.aws.ConfigClusterResolver      : Resolving eureka endpoints via configuration
2026-09-14T01:06:49.391+05:30  INFO 22224 --- [train-service] [AsyncResolver-bootstrap-executor-%d] c.n.d.s.r.aws.ConfigClusterResolver      : Resolving eureka endpoints via configuration
2026-09-14T01:11:49.395+05:30  INFO 22224 --- [train-service] [AsyncResolver-bootstrap-executor-%d] c.n.d.s.r.aws.ConfigClusterResolver      : Resolving eureka endpoints via configuration
2026-09-14T01:16:49.404+05:30  INFO 22224 --- [train-service] [AsyncResolver-bootstrap-executor-%d] c.n.d.s.r.aws.ConfigClusterResolver      : Resolving eureka endpoints via configuration
2026-09-14T01:21:49.414+05:30  INFO 22224 --- [train-service] [AsyncResolver-bootstrap-executor-%d] c.n.d.s.r.aws.ConfigClusterResolver      : Resolving eureka endpoints via configuration
2026-09-14T01:23:11.691+05:30  INFO 22224 --- [train-service] [SpringApplicationShutdownHook] o.s.c.n.e.s.EurekaServiceRegistry        : Unregistering application TRAIN-SERVICE with eureka with status DOWN
2026-09-14T01:23:11.692+05:30  INFO 22224 --- [train-service] [SpringApplicationShutdownHook] com.netflix.discovery.DiscoveryClient    : Saw local status change event StatusChangeEvent [timestamp=1789329191692, current=DOWN, previous=UP]
2026-09-14T01:23:11.692+05:30  INFO 22224 --- [train-service] [DiscoveryClient-InstanceInfoReplicator-%d] com.netflix.discovery.DiscoveryClient    : DiscoveryClient_TRAIN-SERVICE/AKHIL:train-service:8083: registering service...
2026-09-14T01:23:11.713+05:30  INFO 22224 --- [train-service] [SpringApplicationShutdownHook] o.s.boot.tomcat.GracefulShutdown         : Commencing graceful shutdown. Waiting for active requests to complete
2026-09-14T01:23:11.722+05:30  INFO 22224 --- [train-service] [tomcat-shutdown] o.s.boot.tomcat.GracefulShutdown         : Graceful shutdown complete
2026-09-14T01:23:11.743+05:30  INFO 22224 --- [train-service] [SpringApplicationShutdownHook] j.LocalContainerEntityManagerFactoryBean : Closing JPA EntityManagerFactory for persistence unit 'default'
2026-09-14T01:23:11.752+05:30  INFO 22224 --- [train-service] [SpringApplicationShutdownHook] com.zaxxer.hikari.HikariDataSource       : HikariPool-1 - Shutdown initiated...
2026-09-14T01:23:11.758+05:30  INFO 22224 --- [train-service] [SpringApplicationShutdownHook] com.zaxxer.hikari.HikariDataSource       : HikariPool-1 - Shutdown completed.
2026-09-14T01:23:11.759+05:30  INFO 22224 --- [train-service] [SpringApplicationShutdownHook] com.netflix.discovery.DiscoveryClient    : Shutting down DiscoveryClient ...
2026-09-14T01:23:11.777+05:30  INFO 22224 --- [train-service] [DiscoveryClient-InstanceInfoReplicator-%d] com.netflix.discovery.DiscoveryClient    : DiscoveryClient_TRAIN-SERVICE/AKHIL:train-service:8083 - registration status: 204
2026-09-14T01:23:11.779+05:30  INFO 22224 --- [train-service] [SpringApplicationShutdownHook] com.netflix.discovery.DiscoveryClient    : Unregistering ...
2026-09-14T01:23:11.854+05:30  INFO 22224 --- [train-service] [SpringApplicationShutdownHook] com.netflix.discovery.DiscoveryClient    : DiscoveryClient_TRAIN-SERVICE/AKHIL:train-service:8083 - deregister  status: 200
2026-09-14T01:23:11.854+05:30  INFO 22224 --- [train-service] [SpringApplicationShutdownHook] com.netflix.discovery.DiscoveryClient    : Completed shut down of DiscoveryClient
2026-09-14T01:23:17.613+05:30  INFO 4176 --- [train-service] [main] c.r.t.TrainServiceApplication            : Starting TrainServiceApplication using Java 22.0.2 with PID 4176 (C:\Users\sprak\Desktop\railway-reservation-system\train-service\target\classes started by sprak in C:\Users\sprak\Desktop\railway-reservation-system\train-service)
2026-09-14T01:23:17.617+05:30 DEBUG 4176 --- [train-service] [main] c.r.t.TrainServiceApplication            : Running with Spring Boot v4.1.1, Spring v7.0.9
2026-09-14T01:23:17.618+05:30  INFO 4176 --- [train-service] [main] c.r.t.TrainServiceApplication            : No active profile set, falling back to 1 default profile: "default"
2026-09-14T01:23:17.666+05:30  INFO 4176 --- [train-service] [main] o.s.c.c.c.ConfigServerConfigDataLoader   : Fetching config from server at : http://localhost:8888
2026-09-14T01:23:17.667+05:30  INFO 4176 --- [train-service] [main] o.s.c.c.c.ConfigServerConfigDataLoader   : Located environment: name=train-service, profiles=[default], label=null, version=null, state=null
2026-09-14T01:23:18.601+05:30  INFO 4176 --- [train-service] [main] .s.d.r.c.RepositoryConfigurationDelegate : Bootstrapping Spring Data JPA repositories in DEFAULT mode.
2026-09-14T01:23:18.721+05:30  INFO 4176 --- [train-service] [main] .s.d.r.c.RepositoryConfigurationDelegate : Finished Spring Data repository scanning in 111 ms. Found 2 JPA repository interfaces.
2026-09-14T01:23:19.037+05:30  INFO 4176 --- [train-service] [main] o.s.cloud.context.scope.GenericScope     : BeanFactory id=7b7b2431-8bd3-32bd-b05a-9cf650dce41d
2026-09-14T01:23:19.383+05:30  INFO 4176 --- [train-service] [main] o.s.boot.tomcat.TomcatWebServer          : Tomcat initialized with port 8083 (http)
2026-09-14T01:23:19.399+05:30  INFO 4176 --- [train-service] [main] o.apache.catalina.core.StandardService   : Starting service [Tomcat]
2026-09-14T01:23:19.400+05:30  INFO 4176 --- [train-service] [main] o.apache.catalina.core.StandardEngine    : Starting Servlet engine: [Apache Tomcat/11.0.24]
2026-09-14T01:23:19.498+05:30  INFO 4176 --- [train-service] [main] b.w.c.s.WebApplicationContextInitializer : Root WebApplicationContext: initialization completed in 1827 ms
2026-09-14T01:23:19.691+05:30 DEBUG 4176 --- [train-service] [main] c.r.trainservice.config.JwtAuthFilter    : Filter 'jwtAuthFilter' configured for use
2026-09-14T01:23:19.820+05:30  INFO 4176 --- [train-service] [main] org.hibernate.orm.jpa                    : HHH008540: Processing PersistenceUnitInfo [name: default]
2026-09-14T01:23:19.871+05:30  INFO 4176 --- [train-service] [main] org.hibernate.orm.core                   : HHH000001: Hibernate ORM core version 7.4.5.Final
2026-09-14T01:23:20.276+05:30  INFO 4176 --- [train-service] [main] o.s.o.j.p.SpringPersistenceUnitInfo      : No LoadTimeWeaver setup: ignoring JPA class transformer
2026-09-14T01:23:20.305+05:30  INFO 4176 --- [train-service] [main] com.zaxxer.hikari.HikariDataSource       : HikariPool-1 - Starting...
2026-09-14T01:23:20.582+05:30  INFO 4176 --- [train-service] [main] com.zaxxer.hikari.pool.HikariPool        : HikariPool-1 - Added connection com.mysql.cj.jdbc.ConnectionImpl@509e0253
2026-09-14T01:23:20.584+05:30  INFO 4176 --- [train-service] [main] com.zaxxer.hikari.HikariDataSource       : HikariPool-1 - Start completed.
2026-09-14T01:23:20.655+05:30  INFO 4176 --- [train-service] [main] org.hibernate.orm.connections.pooling    : HHH10001005: Database info:
	Database JDBC URL [jdbc:mysql://localhost:3306/railway_train_db?updateTimeZone=true]
	Database driver: MySQL Connector/J
	Database dialect: MySQLDialect
	Database version: 8.0.43
	Default catalog/schema: railway_train_db/undefined
	Autocommit mode: undefined/unknown
	Isolation level: REPEATABLE_READ [default REPEATABLE_READ]
	JDBC fetch size: none
	Pool: DataSourceConnectionProvider
	Minimum pool size: undefined/unknown
	Maximum pool size: undefined/unknown
2026-09-14T01:23:21.599+05:30  INFO 4176 --- [train-service] [main] org.hibernate.orm.core                   : HHH000489: No JTA platform available (set 'hibernate.transaction.jta.platform' to enable JTA platform integration)
2026-09-14T01:23:21.691+05:30  INFO 4176 --- [train-service] [main] j.LocalContainerEntityManagerFactoryBean : Initialized JPA EntityManagerFactory for persistence unit 'default'
2026-09-14T01:23:21.760+05:30  INFO 4176 --- [train-service] [main] o.s.d.j.r.query.QueryEnhancerFactories   : Hibernate is in classpath; If applicable, HQL parser will be used.
2026-09-14T01:23:22.095+05:30  WARN 4176 --- [train-service] [main] JpaBaseConfiguration$JpaWebConfiguration : spring.jpa.open-in-view is enabled by default. Therefore, database queries may be performed during view rendering. Explicitly configure spring.jpa.open-in-view to disable this warning
2026-09-14T01:23:22.177+05:30  WARN 4176 --- [train-service] [main] .s.a.UserDetailsServiceAutoConfiguration : 

Using generated security password: 6615b792-1ce2-48f3-a21c-eb0846a6d237

This generated password is for development use only. Your security configuration must be updated before running your application in production.

2026-09-14T01:23:22.189+05:30  INFO 4176 --- [train-service] [main] r$InitializeUserDetailsManagerConfigurer : Global AuthenticationManager configured with UserDetailsService bean with name inMemoryUserDetailsManager
2026-09-14T01:23:22.980+05:30  INFO 4176 --- [train-service] [main] DiscoveryClientOptionalArgsConfiguration : Eureka HTTP Client uses RestClient.
2026-09-14T01:23:23.008+05:30  WARN 4176 --- [train-service] [main] iguration$LoadBalancerCaffeineWarnLogger : Spring Cloud LoadBalancer is currently working with the default cache. While this cache implementation is useful for development and tests, it's recommended to use Caffeine cache in production.You can switch to using Caffeine cache, by adding it and org.springframework.cache.caffeine.CaffeineCacheManager to the classpath.
2026-09-14T01:23:23.015+05:30  INFO 4176 --- [train-service] [main] o.s.b.a.e.web.EndpointLinksResolver      : Exposing 1 endpoint beneath base path '/actuator'
2026-09-14T01:23:23.094+05:30  INFO 4176 --- [train-service] [main] o.s.c.n.eureka.InstanceInfoFactory       : Setting initial instance status as: STARTING
2026-09-14T01:23:23.114+05:30  INFO 4176 --- [train-service] [main] com.netflix.discovery.DiscoveryClient    : Initializing Eureka in region us-east-1
2026-09-14T01:23:23.118+05:30  INFO 4176 --- [train-service] [main] c.n.d.s.r.aws.ConfigClusterResolver      : Resolving eureka endpoints via configuration
2026-09-14T01:23:23.126+05:30  INFO 4176 --- [train-service] [main] com.netflix.discovery.DiscoveryClient    : Disable delta property : false
2026-09-14T01:23:23.126+05:30  INFO 4176 --- [train-service] [main] com.netflix.discovery.DiscoveryClient    : Single vip registry refresh property : null
2026-09-14T01:23:23.126+05:30  INFO 4176 --- [train-service] [main] com.netflix.discovery.DiscoveryClient    : Force full registry fetch : false
2026-09-14T01:23:23.126+05:30  INFO 4176 --- [train-service] [main] com.netflix.discovery.DiscoveryClient    : Application is null : false
2026-09-14T01:23:23.126+05:30  INFO 4176 --- [train-service] [main] com.netflix.discovery.DiscoveryClient    : Registered Applications size is zero : true
2026-09-14T01:23:23.126+05:30  INFO 4176 --- [train-service] [main] com.netflix.discovery.DiscoveryClient    : Application version is -1: true
2026-09-14T01:23:23.126+05:30  INFO 4176 --- [train-service] [main] com.netflix.discovery.DiscoveryClient    : Getting all instance registry info from the eureka server
2026-09-14T01:23:23.413+05:30  INFO 4176 --- [train-service] [main] com.netflix.discovery.DiscoveryClient    : The response status is 200
2026-09-14T01:23:23.414+05:30  INFO 4176 --- [train-service] [main] com.netflix.discovery.DiscoveryClient    : Starting heartbeat executor: renew interval is: 30
2026-09-14T01:23:23.416+05:30  INFO 4176 --- [train-service] [main] c.n.discovery.InstanceInfoReplicator     : InstanceInfoReplicator onDemand update allowed rate per min is 4
2026-09-14T01:23:23.417+05:30  INFO 4176 --- [train-service] [main] com.netflix.discovery.DiscoveryClient    : Discovery Client initialized at timestamp 1789329203417 with initial instances count: 10
2026-09-14T01:23:23.420+05:30  INFO 4176 --- [train-service] [main] o.s.c.n.e.s.EurekaServiceRegistry        : Registering application TRAIN-SERVICE with eureka with status UP
2026-09-14T01:23:23.420+05:30  INFO 4176 --- [train-service] [main] com.netflix.discovery.DiscoveryClient    : Saw local status change event StatusChangeEvent [timestamp=1789329203420, current=UP, previous=STARTING]
2026-09-14T01:23:23.422+05:30  INFO 4176 --- [train-service] [DiscoveryClient-InstanceInfoReplicator-%d] com.netflix.discovery.DiscoveryClient    : DiscoveryClient_TRAIN-SERVICE/AKHIL:train-service:8083: registering service...
2026-09-14T01:23:23.438+05:30  INFO 4176 --- [train-service] [main] o.s.boot.tomcat.TomcatWebServer          : Tomcat started on port 8083 (http) with context path '/'
2026-09-14T01:23:23.439+05:30  INFO 4176 --- [train-service] [main] .s.c.n.e.s.EurekaAutoServiceRegistration : Updating port to 8083
2026-09-14T01:23:23.452+05:30  INFO 4176 --- [train-service] [main] c.r.t.TrainServiceApplication            : Started TrainServiceApplication in 7.349 seconds (process running for 8.384)
2026-09-14T01:23:23.459+05:30  WARN 4176 --- [train-service] [main] o.s.core.events.SpringDocAppInitializer  : SpringDoc /api/trains/v3/api-docs endpoint is enabled by default. To disable it in production, set the property 'springdoc.api-docs.enabled=false'
2026-09-14T01:23:23.459+05:30  WARN 4176 --- [train-service] [main] o.s.core.events.SpringDocAppInitializer  : SpringDoc /swagger-ui.html endpoint is enabled by default. To disable it in production, set the property 'springdoc.swagger-ui.enabled=false'
2026-09-14T01:23:23.522+05:30  INFO 4176 --- [train-service] [DiscoveryClient-InstanceInfoReplicator-%d] com.netflix.discovery.DiscoveryClient    : DiscoveryClient_TRAIN-SERVICE/AKHIL:train-service:8083 - registration status: 204
2026-09-14T01:23:23.851+05:30  INFO 4176 --- [train-service] [RMI TCP Connection(4)-192.168.0.103] o.a.c.c.C.[Tomcat].[localhost].[/]       : Initializing Spring DispatcherServlet 'dispatcherServlet'
2026-09-14T01:23:23.852+05:30  INFO 4176 --- [train-service] [RMI TCP Connection(4)-192.168.0.103] o.s.web.servlet.DispatcherServlet        : Initializing Servlet 'dispatcherServlet'
2026-09-14T01:23:23.854+05:30  INFO 4176 --- [train-service] [RMI TCP Connection(4)-192.168.0.103] o.s.web.servlet.DispatcherServlet        : Completed initialization in 2 ms
2026-09-14T01:28:23.138+05:30  INFO 4176 --- [train-service] [AsyncResolver-bootstrap-executor-%d] c.n.d.s.r.aws.ConfigClusterResolver      : Resolving eureka endpoints via configuration
2026-09-14T01:33:23.149+05:30  INFO 4176 --- [train-service] [AsyncResolver-bootstrap-executor-%d] c.n.d.s.r.aws.ConfigClusterResolver      : Resolving eureka endpoints via configuration
2026-09-14T01:38:23.161+05:30  INFO 4176 --- [train-service] [AsyncResolver-bootstrap-executor-%d] c.n.d.s.r.aws.ConfigClusterResolver      : Resolving eureka endpoints via configuration
2026-09-14T01:43:23.170+05:30  INFO 4176 --- [train-service] [AsyncResolver-bootstrap-executor-%d] c.n.d.s.r.aws.ConfigClusterResolver      : Resolving eureka endpoints via configuration
2026-09-14T01:48:23.183+05:30  INFO 4176 --- [train-service] [AsyncResolver-bootstrap-executor-%d] c.n.d.s.r.aws.ConfigClusterResolver      : Resolving eureka endpoints via configuration
2026-09-14T01:53:23.188+05:30  INFO 4176 --- [train-service] [AsyncResolver-bootstrap-executor-%d] c.n.d.s.r.aws.ConfigClusterResolver      : Resolving eureka endpoints via configuration
2026-09-14T01:58:23.193+05:30  INFO 4176 --- [train-service] [AsyncResolver-bootstrap-executor-%d] c.n.d.s.r.aws.ConfigClusterResolver      : Resolving eureka endpoints via configuration
2026-09-14T02:03:23.204+05:30  INFO 4176 --- [train-service] [AsyncResolver-bootstrap-executor-%d] c.n.d.s.r.aws.ConfigClusterResolver      : Resolving eureka endpoints via configuration
2026-09-14T02:08:23.217+05:30  INFO 4176 --- [train-service] [AsyncResolver-bootstrap-executor-%d] c.n.d.s.r.aws.ConfigClusterResolver      : Resolving eureka endpoints via configuration
2026-09-14T02:13:23.230+05:30  INFO 4176 --- [train-service] [AsyncResolver-bootstrap-executor-%d] c.n.d.s.r.aws.ConfigClusterResolver      : Resolving eureka endpoints via configuration
2026-09-14T02:18:23.240+05:30  INFO 4176 --- [train-service] [AsyncResolver-bootstrap-executor-%d] c.n.d.s.r.aws.ConfigClusterResolver      : Resolving eureka endpoints via configuration
2026-09-14T02:20:49.655+05:30  INFO 4176 --- [train-service] [http-nio-8083-exec-1] o.springdoc.api.AbstractOpenApiResource  : Init duration for springdoc-openapi is: 301 ms
2026-09-14T02:23:23.248+05:30  INFO 4176 --- [train-service] [AsyncResolver-bootstrap-executor-%d] c.n.d.s.r.aws.ConfigClusterResolver      : Resolving eureka endpoints via configuration
2026-09-14T02:25:41.828+05:30  INFO 4176 --- [train-service] [SpringApplicationShutdownHook] o.s.c.n.e.s.EurekaServiceRegistry        : Unregistering application TRAIN-SERVICE with eureka with status DOWN
2026-09-14T02:25:41.828+05:30  INFO 4176 --- [train-service] [SpringApplicationShutdownHook] com.netflix.discovery.DiscoveryClient    : Saw local status change event StatusChangeEvent [timestamp=1789332941828, current=DOWN, previous=UP]
2026-09-14T02:25:41.828+05:30  INFO 4176 --- [train-service] [DiscoveryClient-InstanceInfoReplicator-%d] com.netflix.discovery.DiscoveryClient    : DiscoveryClient_TRAIN-SERVICE/AKHIL:train-service:8083: registering service...
2026-09-14T02:25:41.832+05:30  INFO 4176 --- [train-service] [SpringApplicationShutdownHook] o.s.boot.tomcat.GracefulShutdown         : Commencing graceful shutdown. Waiting for active requests to complete
2026-09-14T02:25:41.839+05:30  INFO 4176 --- [train-service] [tomcat-shutdown] o.s.boot.tomcat.GracefulShutdown         : Graceful shutdown complete
2026-09-14T02:25:41.851+05:30  INFO 4176 --- [train-service] [SpringApplicationShutdownHook] j.LocalContainerEntityManagerFactoryBean : Closing JPA EntityManagerFactory for persistence unit 'default'
2026-09-14T02:25:41.858+05:30  INFO 4176 --- [train-service] [SpringApplicationShutdownHook] com.zaxxer.hikari.HikariDataSource       : HikariPool-1 - Shutdown initiated...
2026-09-14T02:25:41.865+05:30  INFO 4176 --- [train-service] [SpringApplicationShutdownHook] com.zaxxer.hikari.HikariDataSource       : HikariPool-1 - Shutdown completed.
2026-09-14T02:25:41.866+05:30  INFO 4176 --- [train-service] [SpringApplicationShutdownHook] com.netflix.discovery.DiscoveryClient    : Shutting down DiscoveryClient ...
2026-09-14T02:25:41.914+05:30  INFO 4176 --- [train-service] [DiscoveryClient-InstanceInfoReplicator-%d] com.netflix.discovery.DiscoveryClient    : DiscoveryClient_TRAIN-SERVICE/AKHIL:train-service:8083 - registration status: 204
2026-09-14T02:25:41.914+05:30  INFO 4176 --- [train-service] [SpringApplicationShutdownHook] com.netflix.discovery.DiscoveryClient    : Unregistering ...
2026-09-14T02:25:41.991+05:30  INFO 4176 --- [train-service] [SpringApplicationShutdownHook] com.netflix.discovery.DiscoveryClient    : DiscoveryClient_TRAIN-SERVICE/AKHIL:train-service:8083 - deregister  status: 200
2026-09-14T02:25:41.991+05:30  INFO 4176 --- [train-service] [SpringApplicationShutdownHook] com.netflix.discovery.DiscoveryClient    : Completed shut down of DiscoveryClient
2026-09-14T02:25:50.352+05:30  INFO 21032 --- [train-service] [main] c.r.t.TrainServiceApplication            : Starting TrainServiceApplication using Java 22.0.2 with PID 21032 (C:\Users\sprak\Desktop\railway-reservation-system\train-service\target\classes started by sprak in C:\Users\sprak\Desktop\railway-reservation-system\train-service)
2026-09-14T02:25:50.357+05:30 DEBUG 21032 --- [train-service] [main] c.r.t.TrainServiceApplication            : Running with Spring Boot v4.1.1, Spring v7.0.9
2026-09-14T02:25:50.359+05:30  INFO 21032 --- [train-service] [main] c.r.t.TrainServiceApplication            : No active profile set, falling back to 1 default profile: "default"
2026-09-14T02:25:50.431+05:30  INFO 21032 --- [train-service] [main] o.s.c.c.c.ConfigServerConfigDataLoader   : Fetching config from server at : http://localhost:8888
2026-09-14T02:25:50.432+05:30  INFO 21032 --- [train-service] [main] o.s.c.c.c.ConfigServerConfigDataLoader   : Located environment: name=train-service, profiles=[default], label=null, version=null, state=null
2026-09-14T02:25:52.308+05:30  INFO 21032 --- [train-service] [main] .s.d.r.c.RepositoryConfigurationDelegate : Bootstrapping Spring Data JPA repositories in DEFAULT mode.
2026-09-14T02:25:52.776+05:30  INFO 21032 --- [train-service] [main] .s.d.r.c.RepositoryConfigurationDelegate : Finished Spring Data repository scanning in 448 ms. Found 2 JPA repository interfaces.
2026-09-14T02:25:53.581+05:30  INFO 21032 --- [train-service] [main] o.s.cloud.context.scope.GenericScope     : BeanFactory id=7b7b2431-8bd3-32bd-b05a-9cf650dce41d
2026-09-14T02:25:54.505+05:30  INFO 21032 --- [train-service] [main] o.s.boot.tomcat.TomcatWebServer          : Tomcat initialized with port 8083 (http)
2026-09-14T02:25:54.545+05:30  INFO 21032 --- [train-service] [main] o.apache.catalina.core.StandardService   : Starting service [Tomcat]
2026-09-14T02:25:54.546+05:30  INFO 21032 --- [train-service] [main] o.apache.catalina.core.StandardEngine    : Starting Servlet engine: [Apache Tomcat/11.0.24]
2026-09-14T02:25:54.741+05:30  INFO 21032 --- [train-service] [main] b.w.c.s.WebApplicationContextInitializer : Root WebApplicationContext: initialization completed in 4305 ms
2026-09-14T02:25:55.244+05:30 DEBUG 21032 --- [train-service] [main] c.r.trainservice.config.JwtAuthFilter    : Filter 'jwtAuthFilter' configured for use
2026-09-14T02:25:55.585+05:30  INFO 21032 --- [train-service] [main] org.hibernate.orm.jpa                    : HHH008540: Processing PersistenceUnitInfo [name: default]
2026-09-14T02:25:55.701+05:30  INFO 21032 --- [train-service] [main] org.hibernate.orm.core                   : HHH000001: Hibernate ORM core version 7.4.5.Final
2026-09-14T02:25:56.813+05:30  INFO 21032 --- [train-service] [main] o.s.o.j.p.SpringPersistenceUnitInfo      : No LoadTimeWeaver setup: ignoring JPA class transformer
2026-09-14T02:25:56.873+05:30  INFO 21032 --- [train-service] [main] com.zaxxer.hikari.HikariDataSource       : HikariPool-1 - Starting...
2026-09-14T02:25:57.506+05:30  INFO 21032 --- [train-service] [main] com.zaxxer.hikari.pool.HikariPool        : HikariPool-1 - Added connection com.mysql.cj.jdbc.ConnectionImpl@70a8654
2026-09-14T02:25:57.511+05:30  INFO 21032 --- [train-service] [main] com.zaxxer.hikari.HikariDataSource       : HikariPool-1 - Start completed.
2026-09-14T02:25:57.690+05:30  INFO 21032 --- [train-service] [main] org.hibernate.orm.connections.pooling    : HHH10001005: Database info:
	Database JDBC URL [jdbc:mysql://localhost:3306/railway_train_db?updateTimeZone=true]
	Database driver: MySQL Connector/J
	Database dialect: MySQLDialect
	Database version: 8.0.43
	Default catalog/schema: railway_train_db/undefined
	Autocommit mode: undefined/unknown
	Isolation level: REPEATABLE_READ [default REPEATABLE_READ]
	JDBC fetch size: none
	Pool: DataSourceConnectionProvider
	Minimum pool size: undefined/unknown
	Maximum pool size: undefined/unknown
2026-09-14T02:26:00.088+05:30  INFO 21032 --- [train-service] [main] org.hibernate.orm.core                   : HHH000489: No JTA platform available (set 'hibernate.transaction.jta.platform' to enable JTA platform integration)
2026-09-14T02:26:00.326+05:30  INFO 21032 --- [train-service] [main] j.LocalContainerEntityManagerFactoryBean : Initialized JPA EntityManagerFactory for persistence unit 'default'
2026-09-14T02:26:00.572+05:30  INFO 21032 --- [train-service] [main] o.s.d.j.r.query.QueryEnhancerFactories   : Hibernate is in classpath; If applicable, HQL parser will be used.
2026-09-14T02:26:01.468+05:30  WARN 21032 --- [train-service] [main] JpaBaseConfiguration$JpaWebConfiguration : spring.jpa.open-in-view is enabled by default. Therefore, database queries may be performed during view rendering. Explicitly configure spring.jpa.open-in-view to disable this warning
2026-09-14T02:26:01.676+05:30  WARN 21032 --- [train-service] [main] .s.a.UserDetailsServiceAutoConfiguration : 

Using generated security password: 70bb485d-67f3-4cf5-a916-4ae871faa360

This generated password is for development use only. Your security configuration must be updated before running your application in production.

2026-09-14T02:26:01.694+05:30  INFO 21032 --- [train-service] [main] r$InitializeUserDetailsManagerConfigurer : Global AuthenticationManager configured with UserDetailsService bean with name inMemoryUserDetailsManager
2026-09-14T02:26:03.712+05:30  INFO 21032 --- [train-service] [main] DiscoveryClientOptionalArgsConfiguration : Eureka HTTP Client uses RestClient.
2026-09-14T02:26:03.804+05:30  WARN 21032 --- [train-service] [main] iguration$LoadBalancerCaffeineWarnLogger : Spring Cloud LoadBalancer is currently working with the default cache. While this cache implementation is useful for development and tests, it's recommended to use Caffeine cache in production.You can switch to using Caffeine cache, by adding it and org.springframework.cache.caffeine.CaffeineCacheManager to the classpath.
2026-09-14T02:26:03.823+05:30  INFO 21032 --- [train-service] [main] o.s.b.a.e.web.EndpointLinksResolver      : Exposing 1 endpoint beneath base path '/actuator'
2026-09-14T02:26:04.114+05:30  INFO 21032 --- [train-service] [main] o.s.c.n.eureka.InstanceInfoFactory       : Setting initial instance status as: STARTING
2026-09-14T02:26:04.177+05:30  INFO 21032 --- [train-service] [main] com.netflix.discovery.DiscoveryClient    : Initializing Eureka in region us-east-1
2026-09-14T02:26:04.184+05:30  INFO 21032 --- [train-service] [main] c.n.d.s.r.aws.ConfigClusterResolver      : Resolving eureka endpoints via configuration
2026-09-14T02:26:04.205+05:30  INFO 21032 --- [train-service] [main] com.netflix.discovery.DiscoveryClient    : Disable delta property : false
2026-09-14T02:26:04.205+05:30  INFO 21032 --- [train-service] [main] com.netflix.discovery.DiscoveryClient    : Single vip registry refresh property : null
2026-09-14T02:26:04.205+05:30  INFO 21032 --- [train-service] [main] com.netflix.discovery.DiscoveryClient    : Force full registry fetch : false
2026-09-14T02:26:04.205+05:30  INFO 21032 --- [train-service] [main] com.netflix.discovery.DiscoveryClient    : Application is null : false
2026-09-14T02:26:04.206+05:30  INFO 21032 --- [train-service] [main] com.netflix.discovery.DiscoveryClient    : Registered Applications size is zero : true
2026-09-14T02:26:04.206+05:30  INFO 21032 --- [train-service] [main] com.netflix.discovery.DiscoveryClient    : Application version is -1: true
2026-09-14T02:26:04.206+05:30  INFO 21032 --- [train-service] [main] com.netflix.discovery.DiscoveryClient    : Getting all instance registry info from the eureka server
2026-09-14T02:26:04.968+05:30  INFO 21032 --- [train-service] [main] com.netflix.discovery.DiscoveryClient    : The response status is 200
2026-09-14T02:26:04.982+05:30  INFO 21032 --- [train-service] [main] com.netflix.discovery.DiscoveryClient    : Starting heartbeat executor: renew interval is: 30
2026-09-14T02:26:04.991+05:30  INFO 21032 --- [train-service] [main] c.n.discovery.InstanceInfoReplicator     : InstanceInfoReplicator onDemand update allowed rate per min is 4
2026-09-14T02:26:04.996+05:30  INFO 21032 --- [train-service] [main] com.netflix.discovery.DiscoveryClient    : Discovery Client initialized at timestamp 1789332964996 with initial instances count: 7
2026-09-14T02:26:05.006+05:30  INFO 21032 --- [train-service] [main] o.s.c.n.e.s.EurekaServiceRegistry        : Registering application TRAIN-SERVICE with eureka with status UP
2026-09-14T02:26:05.008+05:30  INFO 21032 --- [train-service] [main] com.netflix.discovery.DiscoveryClient    : Saw local status change event StatusChangeEvent [timestamp=1789332965008, current=UP, previous=STARTING]
2026-09-14T02:26:05.012+05:30  INFO 21032 --- [train-service] [DiscoveryClient-InstanceInfoReplicator-%d] com.netflix.discovery.DiscoveryClient    : DiscoveryClient_TRAIN-SERVICE/AKHIL:train-service:8083: registering service...
2026-09-14T02:26:05.060+05:30  INFO 21032 --- [train-service] [main] o.s.boot.tomcat.TomcatWebServer          : Tomcat started on port 8083 (http) with context path '/'
2026-09-14T02:26:05.061+05:30  INFO 21032 --- [train-service] [main] .s.c.n.e.s.EurekaAutoServiceRegistration : Updating port to 8083
2026-09-14T02:26:05.100+05:30  INFO 21032 --- [train-service] [main] c.r.t.TrainServiceApplication            : Started TrainServiceApplication in 17.054 seconds (process running for 18.641)
2026-09-14T02:26:05.116+05:30  WARN 21032 --- [train-service] [main] o.s.core.events.SpringDocAppInitializer  : SpringDoc /api/trains/v3/api-docs endpoint is enabled by default. To disable it in production, set the property 'springdoc.api-docs.enabled=false'
2026-09-14T02:26:05.116+05:30  WARN 21032 --- [train-service] [main] o.s.core.events.SpringDocAppInitializer  : SpringDoc /swagger-ui.html endpoint is enabled by default. To disable it in production, set the property 'springdoc.swagger-ui.enabled=false'
2026-09-14T02:26:05.218+05:30  INFO 21032 --- [train-service] [DiscoveryClient-InstanceInfoReplicator-%d] com.netflix.discovery.DiscoveryClient    : DiscoveryClient_TRAIN-SERVICE/AKHIL:train-service:8083 - registration status: 204
2026-09-14T02:26:05.754+05:30  INFO 21032 --- [train-service] [RMI TCP Connection(2)-192.168.0.103] o.a.c.c.C.[Tomcat].[localhost].[/]       : Initializing Spring DispatcherServlet 'dispatcherServlet'
2026-09-14T02:26:05.755+05:30  INFO 21032 --- [train-service] [RMI TCP Connection(2)-192.168.0.103] o.s.web.servlet.DispatcherServlet        : Initializing Servlet 'dispatcherServlet'
2026-09-14T02:26:05.761+05:30  INFO 21032 --- [train-service] [RMI TCP Connection(2)-192.168.0.103] o.s.web.servlet.DispatcherServlet        : Completed initialization in 6 ms
2026-09-14T02:27:20.127+05:30  INFO 21032 --- [train-service] [http-nio-8083-exec-1] o.springdoc.api.AbstractOpenApiResource  : Init duration for springdoc-openapi is: 211 ms
2026-09-14T02:31:04.212+05:30  INFO 21032 --- [train-service] [AsyncResolver-bootstrap-executor-%d] c.n.d.s.r.aws.ConfigClusterResolver      : Resolving eureka endpoints via configuration
2026-09-14T02:36:04.222+05:30  INFO 21032 --- [train-service] [AsyncResolver-bootstrap-executor-%d] c.n.d.s.r.aws.ConfigClusterResolver      : Resolving eureka endpoints via configuration
2026-09-14T02:41:04.228+05:30  INFO 21032 --- [train-service] [AsyncResolver-bootstrap-executor-%d] c.n.d.s.r.aws.ConfigClusterResolver      : Resolving eureka endpoints via configuration
2026-09-14T02:46:04.236+05:30  INFO 21032 --- [train-service] [AsyncResolver-bootstrap-executor-%d] c.n.d.s.r.aws.ConfigClusterResolver      : Resolving eureka endpoints via configuration
2026-09-14T02:51:04.243+05:30  INFO 21032 --- [train-service] [AsyncResolver-bootstrap-executor-%d] c.n.d.s.r.aws.ConfigClusterResolver      : Resolving eureka endpoints via configuration
2026-09-14T02:56:04.250+05:30  INFO 21032 --- [train-service] [AsyncResolver-bootstrap-executor-%d] c.n.d.s.r.aws.ConfigClusterResolver      : Resolving eureka endpoints via configuration
2026-09-14T03:01:04.257+05:30  INFO 21032 --- [train-service] [AsyncResolver-bootstrap-executor-%d] c.n.d.s.r.aws.ConfigClusterResolver      : Resolving eureka endpoints via configuration
2026-09-14T03:06:04.267+05:30  INFO 21032 --- [train-service] [AsyncResolver-bootstrap-executor-%d] c.n.d.s.r.aws.ConfigClusterResolver      : Resolving eureka endpoints via configuration
2026-09-14T03:11:04.281+05:30  INFO 21032 --- [train-service] [AsyncResolver-bootstrap-executor-%d] c.n.d.s.r.aws.ConfigClusterResolver      : Resolving eureka endpoints via configuration
2026-09-14T03:16:40.752+05:30  WARN 21032 --- [train-service] [HikariPool-1:housekeeper] com.zaxxer.hikari.pool.HikariPool        : HikariPool-1 - Thread starvation or clock leap detected (housekeeper delta=2m12s448ms708µs).
2026-09-14T03:17:01.222+05:30  INFO 21032 --- [train-service] [SpringApplicationShutdownHook] o.s.c.n.e.s.EurekaServiceRegistry        : Unregistering application TRAIN-SERVICE with eureka with status DOWN
2026-09-14T03:17:01.222+05:30  INFO 21032 --- [train-service] [SpringApplicationShutdownHook] com.netflix.discovery.DiscoveryClient    : Saw local status change event StatusChangeEvent [timestamp=1789336021222, current=DOWN, previous=UP]
2026-09-14T03:17:01.227+05:30  INFO 21032 --- [train-service] [SpringApplicationShutdownHook] o.s.boot.tomcat.GracefulShutdown         : Commencing graceful shutdown. Waiting for active requests to complete
2026-09-14T03:17:01.238+05:30  INFO 21032 --- [train-service] [tomcat-shutdown] o.s.boot.tomcat.GracefulShutdown         : Graceful shutdown complete
2026-09-14T03:17:01.253+05:30  INFO 21032 --- [train-service] [SpringApplicationShutdownHook] j.LocalContainerEntityManagerFactoryBean : Closing JPA EntityManagerFactory for persistence unit 'default'
2026-09-14T03:17:01.257+05:30  INFO 21032 --- [train-service] [SpringApplicationShutdownHook] com.zaxxer.hikari.HikariDataSource       : HikariPool-1 - Shutdown initiated...
2026-09-14T03:17:01.263+05:30  INFO 21032 --- [train-service] [SpringApplicationShutdownHook] com.zaxxer.hikari.HikariDataSource       : HikariPool-1 - Shutdown completed.
2026-09-14T03:17:01.264+05:30  INFO 21032 --- [train-service] [SpringApplicationShutdownHook] com.netflix.discovery.DiscoveryClient    : Shutting down DiscoveryClient ...
2026-09-14T03:17:01.265+05:30  INFO 21032 --- [train-service] [DiscoveryClient-InstanceInfoReplicator-%d] com.netflix.discovery.DiscoveryClient    : DiscoveryClient_TRAIN-SERVICE/AKHIL:train-service:8083: registering service...
2026-09-14T03:17:01.386+05:30  INFO 21032 --- [train-service] [DiscoveryClient-InstanceInfoReplicator-%d] com.netflix.discovery.DiscoveryClient    : DiscoveryClient_TRAIN-SERVICE/AKHIL:train-service:8083 - registration status: 204
2026-09-14T03:17:01.387+05:30  INFO 21032 --- [train-service] [SpringApplicationShutdownHook] com.netflix.discovery.DiscoveryClient    : Unregistering ...
2026-09-14T03:17:01.505+05:30  INFO 21032 --- [train-service] [SpringApplicationShutdownHook] com.netflix.discovery.DiscoveryClient    : DiscoveryClient_TRAIN-SERVICE/AKHIL:train-service:8083 - deregister  status: 200
2026-09-14T03:17:01.506+05:30  INFO 21032 --- [train-service] [SpringApplicationShutdownHook] com.netflix.discovery.DiscoveryClient    : Completed shut down of DiscoveryClient
2026-09-14T16:15:30.648+05:30  INFO 9128 --- [train-service] [main] c.r.t.TrainServiceApplicationTests       : Starting TrainServiceApplicationTests using Java 22.0.2 with PID 9128 (started by sprak in C:\Users\sprak\Desktop\railway-reservation-system\train-service)
2026-09-14T16:15:30.650+05:30 DEBUG 9128 --- [train-service] [main] c.r.t.TrainServiceApplicationTests       : Running with Spring Boot v4.1.1, Spring v7.0.9
2026-09-14T16:15:30.651+05:30  INFO 9128 --- [train-service] [main] c.r.t.TrainServiceApplicationTests       : No active profile set, falling back to 1 default profile: "default"
2026-09-14T16:15:30.699+05:30  INFO 9128 --- [train-service] [main] o.s.c.c.c.ConfigServerConfigDataLoader   : Fetching config from server at : http://localhost:8888
2026-09-14T16:15:30.700+05:30  INFO 9128 --- [train-service] [main] o.s.c.c.c.ConfigServerConfigDataLoader   : Located environment: name=train-service, profiles=[default], label=null, version=null, state=null
2026-09-14T16:15:31.885+05:30  INFO 9128 --- [train-service] [main] .s.d.r.c.RepositoryConfigurationDelegate : Bootstrapping Spring Data JPA repositories in DEFAULT mode.
2026-09-14T16:15:32.072+05:30  INFO 9128 --- [train-service] [main] .s.d.r.c.RepositoryConfigurationDelegate : Finished Spring Data repository scanning in 175 ms. Found 2 JPA repository interfaces.
2026-09-14T16:15:32.510+05:30  INFO 9128 --- [train-service] [main] o.s.cloud.context.scope.GenericScope     : BeanFactory id=52f58c28-d9e0-3be0-8593-2c6a88adedb4
2026-09-14T16:15:32.978+05:30  INFO 9128 --- [train-service] [main] org.hibernate.orm.jpa                    : HHH008540: Processing PersistenceUnitInfo [name: default]
2026-09-14T16:15:33.066+05:30  INFO 9128 --- [train-service] [main] org.hibernate.orm.core                   : HHH000001: Hibernate ORM core version 7.4.5.Final
2026-09-14T16:15:33.455+05:30  INFO 9128 --- [train-service] [main] o.s.o.j.p.SpringPersistenceUnitInfo      : No LoadTimeWeaver setup: ignoring JPA class transformer
2026-09-14T16:15:33.500+05:30  INFO 9128 --- [train-service] [main] com.zaxxer.hikari.HikariDataSource       : HikariPool-1 - Starting...
2026-09-14T16:15:34.029+05:30  INFO 9128 --- [train-service] [main] com.zaxxer.hikari.pool.HikariPool        : HikariPool-1 - Added connection com.mysql.cj.jdbc.ConnectionImpl@16acf986
2026-09-14T16:15:34.033+05:30  INFO 9128 --- [train-service] [main] com.zaxxer.hikari.HikariDataSource       : HikariPool-1 - Start completed.
2026-09-14T16:15:34.210+05:30  INFO 9128 --- [train-service] [main] org.hibernate.orm.connections.pooling    : HHH10001005: Database info:
	Database JDBC URL [jdbc:mysql://localhost:3306/railway_train_db?updateTimeZone=true]
	Database driver: MySQL Connector/J
	Database dialect: MySQLDialect
	Database version: 8.0.43
	Default catalog/schema: railway_train_db/undefined
	Autocommit mode: undefined/unknown
	Isolation level: REPEATABLE_READ [default REPEATABLE_READ]
	JDBC fetch size: none
	Pool: DataSourceConnectionProvider
	Minimum pool size: undefined/unknown
	Maximum pool size: undefined/unknown
2026-09-14T16:15:35.083+05:30  INFO 9128 --- [train-service] [main] org.hibernate.orm.core                   : HHH000489: No JTA platform available (set 'hibernate.transaction.jta.platform' to enable JTA platform integration)
2026-09-14T16:15:35.170+05:30  INFO 9128 --- [train-service] [main] j.LocalContainerEntityManagerFactoryBean : Initialized JPA EntityManagerFactory for persistence unit 'default'
2026-09-14T16:15:35.267+05:30  INFO 9128 --- [train-service] [main] o.s.d.j.r.query.QueryEnhancerFactories   : Hibernate is in classpath; If applicable, HQL parser will be used.
2026-09-14T16:15:35.777+05:30  WARN 9128 --- [train-service] [main] JpaBaseConfiguration$JpaWebConfiguration : spring.jpa.open-in-view is enabled by default. Therefore, database queries may be performed during view rendering. Explicitly configure spring.jpa.open-in-view to disable this warning
2026-09-14T16:15:35.919+05:30  WARN 9128 --- [train-service] [main] .s.a.UserDetailsServiceAutoConfiguration : 

Using generated security password: ed61ad28-7ddb-441a-9abe-27aff6c13f70

This generated password is for development use only. Your security configuration must be updated before running your application in production.

2026-09-14T16:15:35.927+05:30  INFO 9128 --- [train-service] [main] r$InitializeUserDetailsManagerConfigurer : Global AuthenticationManager configured with UserDetailsService bean with name inMemoryUserDetailsManager
2026-09-14T16:15:37.131+05:30  INFO 9128 --- [train-service] [main] DiscoveryClientOptionalArgsConfiguration : Eureka HTTP Client uses RestClient.
2026-09-14T16:15:37.195+05:30  WARN 9128 --- [train-service] [main] iguration$LoadBalancerCaffeineWarnLogger : Spring Cloud LoadBalancer is currently working with the default cache. While this cache implementation is useful for development and tests, it's recommended to use Caffeine cache in production.You can switch to using Caffeine cache, by adding it and org.springframework.cache.caffeine.CaffeineCacheManager to the classpath.
2026-09-14T16:15:37.209+05:30  INFO 9128 --- [train-service] [main] o.s.b.a.e.web.EndpointLinksResolver      : Exposing 1 endpoint beneath base path '/actuator'
2026-09-14T16:15:37.337+05:30  INFO 9128 --- [train-service] [main] o.s.c.n.eureka.InstanceInfoFactory       : Setting initial instance status as: STARTING
2026-09-14T16:15:37.376+05:30  INFO 9128 --- [train-service] [main] com.netflix.discovery.DiscoveryClient    : Initializing Eureka in region us-east-1
2026-09-14T16:15:37.382+05:30  INFO 9128 --- [train-service] [main] c.n.d.s.r.aws.ConfigClusterResolver      : Resolving eureka endpoints via configuration
2026-09-14T16:15:37.395+05:30  INFO 9128 --- [train-service] [main] com.netflix.discovery.DiscoveryClient    : Disable delta property : false
2026-09-14T16:15:37.396+05:30  INFO 9128 --- [train-service] [main] com.netflix.discovery.DiscoveryClient    : Single vip registry refresh property : null
2026-09-14T16:15:37.396+05:30  INFO 9128 --- [train-service] [main] com.netflix.discovery.DiscoveryClient    : Force full registry fetch : false
2026-09-14T16:15:37.396+05:30  INFO 9128 --- [train-service] [main] com.netflix.discovery.DiscoveryClient    : Application is null : false
2026-09-14T16:15:37.396+05:30  INFO 9128 --- [train-service] [main] com.netflix.discovery.DiscoveryClient    : Registered Applications size is zero : true
2026-09-14T16:15:37.396+05:30  INFO 9128 --- [train-service] [main] com.netflix.discovery.DiscoveryClient    : Application version is -1: true
2026-09-14T16:15:37.397+05:30  INFO 9128 --- [train-service] [main] com.netflix.discovery.DiscoveryClient    : Getting all instance registry info from the eureka server
2026-09-14T16:15:37.778+05:30  INFO 9128 --- [train-service] [main] com.netflix.discovery.DiscoveryClient    : The response status is 200
2026-09-14T16:15:37.781+05:30  INFO 9128 --- [train-service] [main] com.netflix.discovery.DiscoveryClient    : Starting heartbeat executor: renew interval is: 30
2026-09-14T16:15:37.782+05:30  INFO 9128 --- [train-service] [main] c.n.discovery.InstanceInfoReplicator     : InstanceInfoReplicator onDemand update allowed rate per min is 4
2026-09-14T16:15:37.784+05:30  INFO 9128 --- [train-service] [main] com.netflix.discovery.DiscoveryClient    : Discovery Client initialized at timestamp 1789382737783 with initial instances count: 2
2026-09-14T16:15:37.787+05:30  INFO 9128 --- [train-service] [main] o.s.c.n.e.s.EurekaServiceRegistry        : Registering application TRAIN-SERVICE with eureka with status UP
2026-09-14T16:15:37.787+05:30  INFO 9128 --- [train-service] [main] com.netflix.discovery.DiscoveryClient    : Saw local status change event StatusChangeEvent [timestamp=1789382737787, current=UP, previous=STARTING]
2026-09-14T16:15:37.789+05:30  INFO 9128 --- [train-service] [DiscoveryClient-InstanceInfoReplicator-%d] com.netflix.discovery.DiscoveryClient    : DiscoveryClient_TRAIN-SERVICE/AKHIL:train-service:8083: registering service...
2026-09-14T16:15:37.798+05:30  INFO 9128 --- [train-service] [main] c.r.t.TrainServiceApplicationTests       : Started TrainServiceApplicationTests in 8.303 seconds (process running for 11.429)
2026-09-14T16:15:37.890+05:30  WARN 9128 --- [train-service] [main] o.s.core.events.SpringDocAppInitializer  : SpringDoc /api/trains/v3/api-docs endpoint is enabled by default. To disable it in production, set the property 'springdoc.api-docs.enabled=false'
2026-09-14T16:15:37.890+05:30  WARN 9128 --- [train-service] [main] o.s.core.events.SpringDocAppInitializer  : SpringDoc /swagger-ui.html endpoint is enabled by default. To disable it in production, set the property 'springdoc.swagger-ui.enabled=false'
2026-09-14T16:15:37.930+05:30  INFO 9128 --- [train-service] [DiscoveryClient-InstanceInfoReplicator-%d] com.netflix.discovery.DiscoveryClient    : DiscoveryClient_TRAIN-SERVICE/AKHIL:train-service:8083 - registration status: 204
2026-09-14T16:15:37.973+05:30  INFO 9128 --- [train-service] [SpringApplicationShutdownHook] o.s.c.n.e.s.EurekaServiceRegistry        : Unregistering application TRAIN-SERVICE with eureka with status DOWN
2026-09-14T16:15:37.973+05:30  INFO 9128 --- [train-service] [SpringApplicationShutdownHook] com.netflix.discovery.DiscoveryClient    : Saw local status change event StatusChangeEvent [timestamp=1789382737973, current=DOWN, previous=UP]
2026-09-14T16:15:37.973+05:30  INFO 9128 --- [train-service] [DiscoveryClient-InstanceInfoReplicator-%d] com.netflix.discovery.DiscoveryClient    : DiscoveryClient_TRAIN-SERVICE/AKHIL:train-service:8083: registering service...
2026-09-14T16:15:37.985+05:30  INFO 9128 --- [train-service] [SpringApplicationShutdownHook] j.LocalContainerEntityManagerFactoryBean : Closing JPA EntityManagerFactory for persistence unit 'default'
2026-09-14T16:15:37.989+05:30  INFO 9128 --- [train-service] [SpringApplicationShutdownHook] com.zaxxer.hikari.HikariDataSource       : HikariPool-1 - Shutdown initiated...
2026-09-14T16:15:38.000+05:30  INFO 9128 --- [train-service] [SpringApplicationShutdownHook] com.zaxxer.hikari.HikariDataSource       : HikariPool-1 - Shutdown completed.
2026-09-14T16:15:38.001+05:30  INFO 9128 --- [train-service] [SpringApplicationShutdownHook] com.netflix.discovery.DiscoveryClient    : Shutting down DiscoveryClient ...
2026-09-14T16:15:38.062+05:30  INFO 9128 --- [train-service] [DiscoveryClient-InstanceInfoReplicator-%d] com.netflix.discovery.DiscoveryClient    : DiscoveryClient_TRAIN-SERVICE/AKHIL:train-service:8083 - registration status: 204
2026-09-14T16:15:38.063+05:30  INFO 9128 --- [train-service] [SpringApplicationShutdownHook] com.netflix.discovery.DiscoveryClient    : Unregistering ...
2026-09-14T16:15:38.138+05:30  INFO 9128 --- [train-service] [SpringApplicationShutdownHook] com.netflix.discovery.DiscoveryClient    : DiscoveryClient_TRAIN-SERVICE/AKHIL:train-service:8083 - deregister  status: 200
2026-09-14T16:15:38.139+05:30  INFO 9128 --- [train-service] [SpringApplicationShutdownHook] com.netflix.discovery.DiscoveryClient    : Completed shut down of DiscoveryClient
